<html>
<body>
<pre>
<h1>µVision Build Log</h1>
<h2>Tool Versions:</h2>
IDE-Version: ¦ÌVision V5.21.1.0
Copyright (C) 2016 ARM Ltd and ARM Germany GmbH. All rights reserved.
License Information: Jason Xie, HDU, LIC=8VRBS-LJYP8-QCVJ5-GQBNJ-PA1NA-VMDD0
 
Tool Versions:
Toolchain:       MDK-ARM Plus  Version: 5.21a
Toolchain Path:  C:\Keil_v5\ARM\ARMCC\Bin
C Compiler:      Armcc.exe V5.06 update 3 (build 300)
Assembler:       Armasm.exe V5.06 update 3 (build 300)
Linker/Locator:  ArmLink.exe V5.06 update 3 (build 300)
Library Manager: ArmAr.exe V5.06 update 3 (build 300)
Hex Converter:   FromElf.exe V5.06 update 3 (build 300)
CPU DLL:         
Dialog DLL:      DCM.DLL V1.13.8.0
Target DLL:      CMSIS_AGDI.dll V1.26.5.0
Dialog DLL:      TCM.DLL V1.14.14.0
 
<h2>Project:</h2>
C:\Users\ThinkPad\Desktop\webserverBlinky_uvision5_kw41z\webserverBlinky\webserverBlinky.uvprojx
Project File Date:  11/20/2017

<h2>Output:</h2>
*** Using Compiler 'V5.06 update 3 (build 300)', folder: 'C:\Keil_v5\ARM\ARMCC\Bin'
Build target 'webserverBlinky'
compiling ppp-blinky.cpp...
PPP-Blinky/ppp-blinky.h(175): warning:  #1-D: last line of file ends without a newline
  void led_flash(void);
PPP-Blinky/ppp-blinky.cpp: 1 warning, 0 errors
linking...
C:\Users\ThinkPad\AppData\Local\Temp\pcc-3(105): warning: L6312W: Empty Execution region description for region RW_IRAM1
Program Size: Code=31124 RO-data=2396 RW-data=600 ZI-data=4928  
Finished: 0 information, 1 warning and 0 error messages.
".\BUILD\webserverBlinky.axf" - 0 Error(s), 2 Warning(s).

<h2>Collection of Component include folders:</h2>
  C:\Users\ThinkPad\Desktop\webserverBlinky_uvision5_kw41z\webserverBlinky\RTE
  C:\Keil_v5\ARM\PACK\Keil\Kinetis_KWxx_DFP\1.7.0\Device\Include

<h2>Collection of Component Files used:</h2>
Build Time Elapsed:  00:00:01
</pre>
</body>
</html>
