Component: ARM Compiler 5.06 update 3 (build 300) Tool: armlink [4d35c9]

==============================================================================

Section Cross References

    mbed/TARGET_KW41Z/TOOLCHAIN_ARM_STD/analogin_api.o(i.analogin_init) refers to mbed/TARGET_KW41Z/TOOLCHAIN_ARM_STD/mbed.ar(mbed_pinmap_common.o)(i.pinmap_peripheral) for pinmap_peripheral
    mbed/TARGET_KW41Z/TOOLCHAIN_ARM_STD/analogin_api.o(i.analogin_init) refers to mbed/TARGET_KW41Z/TOOLCHAIN_ARM_STD/mbed.ar(mbed_assert.o)(i.mbed_assert_internal) for mbed_assert_internal
    mbed/TARGET_KW41Z/TOOLCHAIN_ARM_STD/analogin_api.o(i.analogin_init) refers to mbed/TARGET_KW41Z/TOOLCHAIN_ARM_STD/fsl_clock.o(i.CLOCK_GetFreq) for CLOCK_GetFreq
    mbed/TARGET_KW41Z/TOOLCHAIN_ARM_STD/analogin_api.o(i.analogin_init) refers to mbed/TARGET_KW41Z/TOOLCHAIN_ARM_STD/fsl_adc16.o(i.ADC16_GetDefaultConfig) for ADC16_GetDefaultConfig
    mbed/TARGET_KW41Z/TOOLCHAIN_ARM_STD/analogin_api.o(i.analogin_init) refers to mbed/TARGET_KW41Z/TOOLCHAIN_ARM_STD/fsl_adc16.o(i.ADC16_Init) for ADC16_Init
    mbed/TARGET_KW41Z/TOOLCHAIN_ARM_STD/analogin_api.o(i.analogin_init) refers to mbed/TARGET_KW41Z/TOOLCHAIN_ARM_STD/fsl_adc16.o(i.ADC16_SetHardwareAverage) for ADC16_SetHardwareAverage
    mbed/TARGET_KW41Z/TOOLCHAIN_ARM_STD/analogin_api.o(i.analogin_init) refers to mbed/TARGET_KW41Z/TOOLCHAIN_ARM_STD/mbed.ar(mbed_pinmap_common.o)(i.pinmap_pinout) for pinmap_pinout
    mbed/TARGET_KW41Z/TOOLCHAIN_ARM_STD/analogin_api.o(i.analogin_init) refers to mbed/TARGET_KW41Z/TOOLCHAIN_ARM_STD/PeripheralPins.o(.constdata) for PinMap_ADC
    mbed/TARGET_KW41Z/TOOLCHAIN_ARM_STD/analogin_api.o(i.analogin_init) refers to mbed/TARGET_KW41Z/TOOLCHAIN_ARM_STD/analogin_api.o(.conststring) for .conststring
    mbed/TARGET_KW41Z/TOOLCHAIN_ARM_STD/analogin_api.o(i.analogin_init) refers to mbed/TARGET_KW41Z/TOOLCHAIN_ARM_STD/analogin_api.o(.constdata) for .constdata
    mbed/TARGET_KW41Z/TOOLCHAIN_ARM_STD/analogin_api.o(i.analogin_read) refers to mbed/TARGET_KW41Z/TOOLCHAIN_ARM_STD/fsl_adc16.o(i.ADC16_SetChannelMuxMode) for ADC16_SetChannelMuxMode
    mbed/TARGET_KW41Z/TOOLCHAIN_ARM_STD/analogin_api.o(i.analogin_read) refers to mbed/TARGET_KW41Z/TOOLCHAIN_ARM_STD/fsl_adc16.o(i.ADC16_SetChannelConfig) for ADC16_SetChannelConfig
    mbed/TARGET_KW41Z/TOOLCHAIN_ARM_STD/analogin_api.o(i.analogin_read) refers to mbed/TARGET_KW41Z/TOOLCHAIN_ARM_STD/fsl_adc16.o(i.ADC16_GetChannelStatusFlags) for ADC16_GetChannelStatusFlags
    mbed/TARGET_KW41Z/TOOLCHAIN_ARM_STD/analogin_api.o(i.analogin_read) refers to C:\Keil_v5\ARM\ARMCC\Bin\..\lib\armlib\fz_ps.l(fflti.o)(.text) for __aeabi_ui2f
    mbed/TARGET_KW41Z/TOOLCHAIN_ARM_STD/analogin_api.o(i.analogin_read) refers to C:\Keil_v5\ARM\ARMCC\Bin\..\lib\armlib\fz_ps.l(fmul.o)(x$fpl$fmul) for __aeabi_fmul
    mbed/TARGET_KW41Z/TOOLCHAIN_ARM_STD/analogin_api.o(i.analogin_read) refers to mbed/TARGET_KW41Z/TOOLCHAIN_ARM_STD/analogin_api.o(.constdata) for .constdata
    mbed/TARGET_KW41Z/TOOLCHAIN_ARM_STD/analogin_api.o(i.analogin_read_u16) refers to mbed/TARGET_KW41Z/TOOLCHAIN_ARM_STD/fsl_adc16.o(i.ADC16_SetChannelMuxMode) for ADC16_SetChannelMuxMode
    mbed/TARGET_KW41Z/TOOLCHAIN_ARM_STD/analogin_api.o(i.analogin_read_u16) refers to mbed/TARGET_KW41Z/TOOLCHAIN_ARM_STD/fsl_adc16.o(i.ADC16_SetChannelConfig) for ADC16_SetChannelConfig
    mbed/TARGET_KW41Z/TOOLCHAIN_ARM_STD/analogin_api.o(i.analogin_read_u16) refers to mbed/TARGET_KW41Z/TOOLCHAIN_ARM_STD/fsl_adc16.o(i.ADC16_GetChannelStatusFlags) for ADC16_GetChannelStatusFlags
    mbed/TARGET_KW41Z/TOOLCHAIN_ARM_STD/analogin_api.o(i.analogin_read_u16) refers to mbed/TARGET_KW41Z/TOOLCHAIN_ARM_STD/analogin_api.o(.constdata) for .constdata
    mbed/TARGET_KW41Z/TOOLCHAIN_ARM_STD/analogout_api.o(i.analogout_init) refers to mbed/TARGET_KW41Z/TOOLCHAIN_ARM_STD/mbed.ar(mbed_pinmap_common.o)(i.pinmap_peripheral) for pinmap_peripheral
    mbed/TARGET_KW41Z/TOOLCHAIN_ARM_STD/analogout_api.o(i.analogout_init) refers to mbed/TARGET_KW41Z/TOOLCHAIN_ARM_STD/mbed.ar(mbed_error.o)(i.error) for error
    mbed/TARGET_KW41Z/TOOLCHAIN_ARM_STD/analogout_api.o(i.analogout_init) refers to mbed/TARGET_KW41Z/TOOLCHAIN_ARM_STD/fsl_dac.o(i.DAC_GetDefaultConfig) for DAC_GetDefaultConfig
    mbed/TARGET_KW41Z/TOOLCHAIN_ARM_STD/analogout_api.o(i.analogout_init) refers to mbed/TARGET_KW41Z/TOOLCHAIN_ARM_STD/fsl_dac.o(i.DAC_Init) for DAC_Init
    mbed/TARGET_KW41Z/TOOLCHAIN_ARM_STD/analogout_api.o(i.analogout_init) refers to mbed/TARGET_KW41Z/TOOLCHAIN_ARM_STD/fsl_dac.o(i.DAC_SetBufferValue) for DAC_SetBufferValue
    mbed/TARGET_KW41Z/TOOLCHAIN_ARM_STD/analogout_api.o(i.analogout_init) refers to mbed/TARGET_KW41Z/TOOLCHAIN_ARM_STD/PeripheralPins.o(.constdata) for PinMap_DAC
    mbed/TARGET_KW41Z/TOOLCHAIN_ARM_STD/analogout_api.o(i.analogout_init) refers to mbed/TARGET_KW41Z/TOOLCHAIN_ARM_STD/analogout_api.o(.constdata) for .constdata
[...]
    mbed::RawSerial::~RawSerial()            0x00006a6d   Thumb Code     8  mbed/TARGET_KW41Z/TOOLCHAIN_ARM_STD/mbed.ar(RawSerial.o)(i._ZN4mbed9RawSerialD1Ev)
    mbed::RawSerial::~RawSerial__sub_object() 0x00006a6d   Thumb Code     0  mbed/TARGET_KW41Z/TOOLCHAIN_ARM_STD/mbed.ar(RawSerial.o)(i._ZN4mbed9RawSerialD1Ev)
    std::strstr(char*, const char*)          0x00006a75   Thumb Code    16  .\build\ppp-blinky.o(i._ZSt6strstrPcPKc)
    __ARM_common_ll_muluu                    0x00006a85   Thumb Code    48  C:\Keil_v5\ARM\ARMCC\Bin\..\lib\armlib\c_p.l(btod.o)(i.__ARM_common_ll_muluu)
    __ARM_fpclassify                         0x00006ab5   Thumb Code    40  C:\Keil_v5\ARM\ARMCC\Bin\..\lib\armlib\m_ps.l(fpclassify.o)(i.__ARM_fpclassify)
    __aeabi_atexit                           0x00006ae1   Thumb Code     4  mbed/TARGET_KW41Z/TOOLCHAIN_ARM_STD/mbed_retarget.o(i.__aeabi_atexit)
    __aeabi_vec_ctor_nocookie_nodtor         0x00006ae5   Thumb Code    34  C:\Keil_v5\ARM\ARMCC\Bin\..\lib\cpplib\cpprt_p.l(aeabi_vec_ctor_nocookie_nodtor.o)(i.__aeabi_vec_ctor_nocookie_nodtor)
    __user_setup_stackheap                   0x00006b4d   Thumb Code     8  mbed/TARGET_KW41Z/TOOLCHAIN_ARM_STD/mbed_retarget.o(i.__user_setup_stackheap)
    _is_digit                                0x00006b55   Thumb Code    14  C:\Keil_v5\ARM\ARMCC\Bin\..\lib\armlib\c_p.l(__printf_wp.o)(i._is_digit)
    _mbed_user_setup_stackheap               0x00006b65   Thumb Code    10  mbed/TARGET_KW41Z/TOOLCHAIN_ARM_STD/mbed_retarget.o(i._mbed_user_setup_stackheap)
    _platform_post_stackheap_init            0x00006b75   Thumb Code    24  mbed/TARGET_KW41Z/TOOLCHAIN_ARM_STD/mbed_sdk_boot.o(i._platform_post_stackheap_init)
    _sys_close                               0x00006b95   Thumb Code    68  mbed/TARGET_KW41Z/TOOLCHAIN_ARM_STD/mbed_retarget.o(i._sys_close)
    _sys_flen                                0x00006bdd   Thumb Code    70  mbed/TARGET_KW41Z/TOOLCHAIN_ARM_STD/mbed_retarget.o(i._sys_flen)
    _sys_istty                               0x00006c29   Thumb Code    58  mbed/TARGET_KW41Z/TOOLCHAIN_ARM_STD/mbed_retarget.o(i._sys_istty)
    _sys_open                                0x00006c69   Thumb Code   504  mbed/TARGET_KW41Z/TOOLCHAIN_ARM_STD/mbed_retarget.o(i._sys_open)
    _sys_seek                                0x00006e89   Thumb Code    70  mbed/TARGET_KW41Z/TOOLCHAIN_ARM_STD/mbed_retarget.o(i._sys_seek)
    _sys_write                               0x00006ed5   Thumb Code   114  mbed/TARGET_KW41Z/TOOLCHAIN_ARM_STD/mbed_retarget.o(i._sys_write)
    core_util_atomic_decr_u16                0x00006f59   Thumb Code    26  mbed/TARGET_KW41Z/TOOLCHAIN_ARM_STD/mbed.ar(mbed_critical.o)(i.core_util_atomic_decr_u16)
    core_util_atomic_incr_u16                0x00006f73   Thumb Code    26  mbed/TARGET_KW41Z/TOOLCHAIN_ARM_STD/mbed.ar(mbed_critical.o)(i.core_util_atomic_incr_u16)
    core_util_critical_section_enter         0x00006f8d   Thumb Code    72  mbed/TARGET_KW41Z/TOOLCHAIN_ARM_STD/mbed.ar(mbed_critical.o)(i.core_util_critical_section_enter)
    core_util_critical_section_exit          0x00007055   Thumb Code    58  mbed/TARGET_KW41Z/TOOLCHAIN_ARM_STD/mbed.ar(mbed_critical.o)(i.core_util_critical_section_exit)
    error                                    0x000070e9   Thumb Code    38  mbed/TARGET_KW41Z/TOOLCHAIN_ARM_STD/mbed.ar(mbed_error.o)(i.error)
    exit                                     0x00007115   Thumb Code    24  mbed/TARGET_KW41Z/TOOLCHAIN_ARM_STD/mbed_retarget.o(i.exit)
    get_us_ticker_data                       0x00007135   Thumb Code     4  mbed/TARGET_KW41Z/TOOLCHAIN_ARM_STD/mbed.ar(mbed_us_ticker_api.o)(i.get_us_ticker_data)
    gpio_dir                                 0x0000713d   Thumb Code    66  mbed/TARGET_KW41Z/TOOLCHAIN_ARM_STD/gpio_api.o(i.gpio_dir)
    gpio_init                                0x000071a1   Thumb Code    20  mbed/TARGET_KW41Z/TOOLCHAIN_ARM_STD/gpio_api.o(i.gpio_init)
    gpio_init_in                             0x000071b5   Thumb Code    34  mbed/TARGET_KW41Z/TOOLCHAIN_ARM_STD/mbed.ar(mbed_gpio.o)(i.gpio_init_in)
    gpio_init_out                            0x000071d7   Thumb Code    44  mbed/TARGET_KW41Z/TOOLCHAIN_ARM_STD/mbed.ar(mbed_gpio.o)(i.gpio_init_out)
    gpio_mode                                0x00007203   Thumb Code    14  mbed/TARGET_KW41Z/TOOLCHAIN_ARM_STD/gpio_api.o(i.gpio_mode)
    gpio_read                                0x00007211   Thumb Code    44  mbed/TARGET_KW41Z/TOOLCHAIN_ARM_STD/gpio_api.o(i.gpio_read)
    gpio_write                               0x0000725d   Thumb Code    58  mbed/TARGET_KW41Z/TOOLCHAIN_ARM_STD/gpio_api.o(i.gpio_write)
    $Super$$main                             0x000072dd   Thumb Code    26  .\build\main.o(i.main)
    mbed_assert_internal                     0x000072f9   Thumb Code    30  mbed/TARGET_KW41Z/TOOLCHAIN_ARM_STD/mbed.ar(mbed_assert.o)(i.mbed_assert_internal)
    mbed_die                                 0x0000734d   Thumb Code    92  mbed/TARGET_KW41Z/TOOLCHAIN_ARM_STD/mbed_board.o(i.mbed_die)
    mbed_error_printf                        0x000073ad   Thumb Code    80  mbed/TARGET_KW41Z/TOOLCHAIN_ARM_STD/mbed_board.o(i.mbed_error_printf)
    mbed_error_vfprintf                      0x00007409   Thumb Code    72  mbed/TARGET_KW41Z/TOOLCHAIN_ARM_STD/mbed_board.o(i.mbed_error_vfprintf)
    mbed_main                                0x0000745d   Thumb Code     2  mbed/TARGET_KW41Z/TOOLCHAIN_ARM_STD/mbed_sdk_boot.o(i.mbed_main)
    mbed_sdk_init                            0x0000745f   Thumb Code     8  mbed/TARGET_KW41Z/TOOLCHAIN_ARM_STD/mbed_overrides.o(i.mbed_sdk_init)
    pin_function                             0x00007469   Thumb Code    88  mbed/TARGET_KW41Z/TOOLCHAIN_ARM_STD/pinmap.o(i.pin_function)
    pin_mode                                 0x000074e1   Thumb Code    76  mbed/TARGET_KW41Z/TOOLCHAIN_ARM_STD/pinmap.o(i.pin_mode)
    pinmap_merge                             0x00007551   Thumb Code    30  mbed/TARGET_KW41Z/TOOLCHAIN_ARM_STD/mbed.ar(mbed_pinmap_common.o)(i.pinmap_merge)
    pinmap_peripheral                        0x00007585   Thumb Code    60  mbed/TARGET_KW41Z/TOOLCHAIN_ARM_STD/mbed.ar(mbed_pinmap_common.o)(i.pinmap_peripheral)
    pinmap_pinout                            0x000075e1   Thumb Code    62  mbed/TARGET_KW41Z/TOOLCHAIN_ARM_STD/mbed.ar(mbed_pinmap_common.o)(i.pinmap_pinout)
    serial_baud                              0x0000769d   Thumb Code    36  mbed/TARGET_KW41Z/TOOLCHAIN_ARM_STD/serial_api.o(i.serial_baud)
    serial_getc                              0x000076c9   Thumb Code    24  mbed/TARGET_KW41Z/TOOLCHAIN_ARM_STD/serial_api.o(i.serial_getc)
    serial_init                              0x000076e5   Thumb Code   210  mbed/TARGET_KW41Z/TOOLCHAIN_ARM_STD/serial_api.o(i.serial_init)
    serial_irq_handler                       0x000077ed   Thumb Code    14  mbed/TARGET_KW41Z/TOOLCHAIN_ARM_STD/serial_api.o(i.serial_irq_handler)
    serial_irq_set                           0x00007801   Thumb Code   208  mbed/TARGET_KW41Z/TOOLCHAIN_ARM_STD/serial_api.o(i.serial_irq_set)
    serial_putc                              0x000078e9   Thumb Code    62  mbed/TARGET_KW41Z/TOOLCHAIN_ARM_STD/serial_api.o(i.serial_putc)
    serial_readable                          0x0000792d   Thumb Code    44  mbed/TARGET_KW41Z/TOOLCHAIN_ARM_STD/serial_api.o(i.serial_readable)
    sleep_manager_lock_deep_sleep            0x0000795d   Thumb Code    40  mbed/TARGET_KW41Z/TOOLCHAIN_ARM_STD/mbed.ar(mbed_sleep_manager.o)(i.sleep_manager_lock_deep_sleep)
    sleep_manager_unlock_deep_sleep          0x000079bd   Thumb Code    38  mbed/TARGET_KW41Z/TOOLCHAIN_ARM_STD/mbed.ar(mbed_sleep_manager.o)(i.sleep_manager_unlock_deep_sleep)
    ticker_irq_handler                       0x00007a11   Thumb Code    94  mbed/TARGET_KW41Z/TOOLCHAIN_ARM_STD/mbed.ar(mbed_ticker_api.o)(i.ticker_irq_handler)
    ticker_read                              0x00007a6f   Thumb Code    64  mbed/TARGET_KW41Z/TOOLCHAIN_ARM_STD/mbed.ar(mbed_ticker_api.o)(i.ticker_read)
    uart0_irq                                0x00007ab1   Thumb Code    72  mbed/TARGET_KW41Z/TOOLCHAIN_ARM_STD/serial_api.o(i.uart0_irq)
    us_ticker_clear_interrupt                0x00007b31   Thumb Code    12  mbed/TARGET_KW41Z/TOOLCHAIN_ARM_STD/us_ticker.o(i.us_ticker_clear_interrupt)
    us_ticker_disable_interrupt              0x00007b41   Thumb Code    16  mbed/TARGET_KW41Z/TOOLCHAIN_ARM_STD/us_ticker.o(i.us_ticker_disable_interrupt)
    us_ticker_fire_interrupt                 0x00007b55   Thumb Code    10  mbed/TARGET_KW41Z/TOOLCHAIN_ARM_STD/us_ticker.o(i.us_ticker_fire_interrupt)
    us_ticker_init                           0x00007b65   Thumb Code   136  mbed/TARGET_KW41Z/TOOLCHAIN_ARM_STD/us_ticker.o(i.us_ticker_init)
    us_ticker_irq_handler                    0x00007c11   Thumb Code    10  mbed/TARGET_KW41Z/TOOLCHAIN_ARM_STD/mbed.ar(mbed_us_ticker_api.o)(i.us_ticker_irq_handler)
    us_ticker_read                           0x00007c21   Thumb Code    22  mbed/TARGET_KW41Z/TOOLCHAIN_ARM_STD/us_ticker.o(i.us_ticker_read)
    us_ticker_set_interrupt                  0x00007c41   Thumb Code    64  mbed/TARGET_KW41Z/TOOLCHAIN_ARM_STD/us_ticker.o(i.us_ticker_set_interrupt)
    wait_ms                                  0x00007c8d   Thumb Code    36  mbed/TARGET_KW41Z/TOOLCHAIN_ARM_STD/mbed.ar(mbed_wait_api_no_rtos.o)(i.wait_ms)
    wait_us                                  0x00007cb1   Thumb Code    30  mbed/TARGET_KW41Z/TOOLCHAIN_ARM_STD/mbed.ar(mbed_wait_api_no_rtos.o)(i.wait_us)
    _get_lc_numeric                          0x00007cd1   Thumb Code    44  C:\Keil_v5\ARM\ARMCC\Bin\..\lib\armlib\c_p.l(lc_numeric_c.o)(locale$$code)
    _get_lc_ctype                            0x00007cfd   Thumb Code    44  C:\Keil_v5\ARM\ARMCC\Bin\..\lib\armlib\c_p.l(lc_ctype_c.o)(locale$$code)
    SingletonPtr<PlatformMutex>::operator ->() 0x00007d29   Thumb Code    36  mbed/TARGET_KW41Z/TOOLCHAIN_ARM_STD/mbed.ar(FileBase.o)(t._ZN12SingletonPtrI13PlatformMutexEptEv)
    void mbed::Callback<void()>::function_call<void(*)()>(const void*) 0x00007d55   Thumb Code    10  .\build\ppp-blinky.o(t._ZN4mbed8CallbackIFvvEE13function_callIPS1_EEvPKv)
    void mbed::Callback<void()>::function_dtor<void(*)()>(void*) 0x00007d5f   Thumb Code     2  .\build\ppp-blinky.o(t._ZN4mbed8CallbackIFvvEE13function_dtorIPS1_EEvPv)
    void mbed::Callback<void()>::function_move<void(*)()>(void*, const void*) 0x00007d61   Thumb Code    14  .\build\ppp-blinky.o(t._ZN4mbed8CallbackIFvvEE13function_moveIPS1_EEvPvPKv)
    mbed::Callback<void()>::~Callback()      0x00007d6f   Thumb Code    20  mbed/TARGET_KW41Z/TOOLCHAIN_ARM_STD/mbed.ar(SerialBase.o)(t._ZN4mbed8CallbackIFvvEED1Ev)
    mbed::Callback<void()>::~Callback__sub_object() 0x00007d6f   Thumb Code     0  mbed/TARGET_KW41Z/TOOLCHAIN_ARM_STD/mbed.ar(SerialBase.o)(t._ZN4mbed8CallbackIFvvEED1Ev)
    _printf_fp_dec                           0x00007d85   Thumb Code    16  C:\Keil_v5\ARM\ARMCC\Bin\..\lib\armlib\fz_ps.l(printf1.o)(x$fpl$printf1)
    _printf_fp_hex                           0x00007d95   Thumb Code    16  C:\Keil_v5\ARM\ARMCC\Bin\..\lib\armlib\fz_ps.l(printf2.o)(x$fpl$printf2)
    __I$use$fp                               0x00007da4   Number         0  C:\Keil_v5\ARM\ARMCC\Bin\..\lib\armlib\fz_ps.l(usenofp.o)(x$fpl$usenofp)
    g_defaultClockConfigVlpr                 0x00007de8   Data          28  mbed/TARGET_KW41Z/TOOLCHAIN_ARM_STD/fsl_clock_config.o(.constdata)
    g_defaultClockConfigRun                  0x00007e04   Data          28  mbed/TARGET_KW41Z/TOOLCHAIN_ARM_STD/fsl_clock_config.o(.constdata)
    __stdin_name                             0x00007e48   Data           7  mbed/TARGET_KW41Z/TOOLCHAIN_ARM_STD/mbed_retarget.o(.constdata)
    __stdout_name                            0x00007e4f   Data           8  mbed/TARGET_KW41Z/TOOLCHAIN_ARM_STD/mbed_retarget.o(.constdata)
    __stderr_name                            0x00007e57   Data           8  mbed/TARGET_KW41Z/TOOLCHAIN_ARM_STD/mbed_retarget.o(.constdata)
    PinMap_UART_TX                           0x00007e60   Data          48  mbed/TARGET_KW41Z/TOOLCHAIN_ARM_STD/PeripheralPins.o(.constdata)
    PinMap_UART_RX                           0x00007e90   Data          48  mbed/TARGET_KW41Z/TOOLCHAIN_ARM_STD/PeripheralPins.o(.constdata)
    vtable for mbed::SerialBase              0x00008044   Data          24  mbed/TARGET_KW41Z/TOOLCHAIN_ARM_STD/mbed.ar(SerialBase.o)(.constdata__ZTVN4mbed10SerialBaseE)
    vtable for mbed::RawSerial               0x0000805c   Data          24  mbed/TARGET_KW41Z/TOOLCHAIN_ARM_STD/mbed.ar(RawSerial.o)(.constdata__ZTVN4mbed9RawSerialE)
    SingletonPtr<PlatformMutex>::get()::string 0x00008074   Data          20  mbed/TARGET_KW41Z/TOOLCHAIN_ARM_STD/mbed_retarget.o(.constdata__ZZN12SingletonPtrI13PlatformMutexE3getEvEs)
    SingletonPtr<PlatformMutex>::get()::string (instance 2) 0x00008088   Data          72  mbed/TARGET_KW41Z/TOOLCHAIN_ARM_STD/mbed_retarget.o(.constdata__ZZN12SingletonPtrI13PlatformMutexE3getEvEs_0)
    void mbed::Callback<void()>::generate<void(*)()>(const T1&)::ops 0x000080d0   Data          12  .\build\ppp-blinky.o(.constdata__ZZN4mbed8CallbackIFvvEE8generateIPS1_EEvRKT_E3ops)
    Region$$Table$$Base                      0x000084e0   Number         0  anon$$obj.o(Region$$Table)
    Region$$Table$$Limit                     0x00008500   Number         0  anon$$obj.o(Region$$Table)
    __ctype                                  0x00008529   Data           0  C:\Keil_v5\ARM\ARMCC\Bin\..\lib\armlib\c_p.l(lc_ctype_c.o)(locale$$data)
    SHT$$INIT_ARRAY$$Base                    0x0000862c   Number         0  .\build\ppp-blinky.o(.init_array)
    SHT$$INIT_ARRAY$$Limit                   0x00008630   Number         0  C:\Keil_v5\ARM\ARMCC\Bin\..\lib\armlib\c_p.l(init_aeabi.o)(.init_array)
    Image$$VECTOR_RAM$$Base                  0x1fff8000   Number         0  anon$$obj.o ABSOLUTE
    Image$$RW_m_data$$Base                   0x1fff8200   Number         0  anon$$obj.o ABSOLUTE
    g_xtal0Freq                              0x1fff8208   Data           4  mbed/TARGET_KW41Z/TOOLCHAIN_ARM_STD/fsl_clock.o(.data)
    g_xtal32Freq                             0x1fff820c   Data           4  mbed/TARGET_KW41Z/TOOLCHAIN_ARM_STD/fsl_clock.o(.data)
    stdio_uart_inited                        0x1fff824c   Data           4  mbed/TARGET_KW41Z/TOOLCHAIN_ARM_STD/serial_api.o(.data)
    stdio_uart                               0x1fff8254   Data           4  mbed/TARGET_KW41Z/TOOLCHAIN_ARM_STD/serial_api.o(.data)
    SystemCoreClock                          0x1fff8258   Data           4  mbed/TARGET_KW41Z/TOOLCHAIN_ARM_STD/system_MKW41Z4.o(.data)
    body                                     0x1fff8260   Data         459  .\build\ppp-blinky.o(.data)
    led1                                     0x1fff842c   Data           2  .\build\ppp-blinky.o(.data)
    mbed::FileBase::_head                    0x1fff843c   Data           4  mbed/TARGET_KW41Z/TOOLCHAIN_ARM_STD/mbed.ar(FileBase.o)(.data)
    mbed::FileBase::_mutex                   0x1fff8440   Data           8  mbed/TARGET_KW41Z/TOOLCHAIN_ARM_STD/mbed.ar(FileBase.o)(.data)
    __aeabi_stdin                            0x1fff8448   Data           4  C:\Keil_v5\ARM\ARMCC\Bin\..\lib\armlib\c_p.l(stdio_streams.o)(.data)
    __aeabi_stdout                           0x1fff844c   Data           4  C:\Keil_v5\ARM\ARMCC\Bin\..\lib\armlib\c_p.l(stdio_streams.o)(.data)
    __aeabi_stderr                           0x1fff8450   Data           4  C:\Keil_v5\ARM\ARMCC\Bin\..\lib\armlib\c_p.l(stdio_streams.o)(.data)
    pc                                       0x1fff85ac   Data          44  .\build\ppp-blinky.o(.bss)
    ppp                                      0x1fff85d8   Data        3728  .\build\ppp-blinky.o(.bss)
    __stdin                                  0x1fff9484   Data          84  C:\Keil_v5\ARM\ARMCC\Bin\..\lib\armlib\c_p.l(stdio_streams.o)(.bss)
    __stdout                                 0x1fff94d8   Data          84  C:\Keil_v5\ARM\ARMCC\Bin\..\lib\armlib\c_p.l(stdio_streams.o)(.bss)
    __stderr                                 0x1fff952c   Data          84  C:\Keil_v5\ARM\ARMCC\Bin\..\lib\armlib\c_p.l(stdio_streams.o)(.bss)
    Image$$RW_IRAM1$$ZI$$Limit               0x1fff9598   Number         0  anon$$obj.o ABSOLUTE



==============================================================================

Memory Map of the image

  Image Entry point : 0x00000411

  Load Region LR_m_text (Base: 0x00000000, Size: 0x00008888, Max: 0x00080000, ABSOLUTE, COMPRESSED[0x00008704])

    Execution Region VECTOR_ROM (Base: 0x00000000, Size: 0x000000c0, Max: 0x00000200, ABSOLUTE)

    Base Addr    Size         Type   Attr      Idx    E Section Name        Object

    0x00000000   0x000000c0   Data   RO         1408    RESET               mbed/TARGET_KW41Z/TOOLCHAIN_ARM_STD/startup_MKW41Z4.o


    Execution Region ER_m_flash_config (Base: 0x00000400, Size: 0x00000010, Max: 0x00000010, ABSOLUTE, FIXED)

    Base Addr    Size         Type   Attr      Idx    E Section Name        Object

    0x00000400   0x00000010   Data   RO         1409    FlashConfig         mbed/TARGET_KW41Z/TOOLCHAIN_ARM_STD/startup_MKW41Z4.o


    Execution Region ER_m_text (Base: 0x00000410, Size: 0x00008220, Max: 0x0007fbf0, ABSOLUTE)

    Base Addr    Size         Type   Attr      Idx    E Section Name        Object

    0x00000410   0x00000008   Code   RO         2997  * !!!main             C:\Keil_v5\ARM\ARMCC\Bin\..\lib\armlib\c_p.l(__main.o)
    0x00000418   0x0000003c   Code   RO         3523    !!!scatter          C:\Keil_v5\ARM\ARMCC\Bin\..\lib\armlib\c_p.l(__scatter.o)
    0x00000454   0x0000001c   Code   RO         3525    !!handler_zi        C:\Keil_v5\ARM\ARMCC\Bin\..\lib\armlib\c_p.l(__scatter_zi.o)
    0x00000470   0x00000002   Code   RO         2946    .ARM.Collect$$_printf_percent$$00000000  C:\Keil_v5\ARM\ARMCC\Bin\..\lib\armlib\c_p.l(_printf_percent.o)
    0x00000472   0x0000000a   Code   RO         3197    .ARM.Collect$$_printf_percent$$00000001  C:\Keil_v5\ARM\ARMCC\Bin\..\lib\armlib\c_p.l(_printf_n.o)
    0x0000047c   0x0000000a   Code   RO         3198    .ARM.Collect$$_printf_percent$$00000002  C:\Keil_v5\ARM\ARMCC\Bin\..\lib\armlib\c_p.l(_printf_p.o)
    0x00000486   0x0000000a   Code   RO         3202    .ARM.Collect$$_printf_percent$$00000003  C:\Keil_v5\ARM\ARMCC\Bin\..\lib\armlib\c_p.l(_printf_f.o)
    0x00000490   0x0000000a   Code   RO         3203    .ARM.Collect$$_printf_percent$$00000004  C:\Keil_v5\ARM\ARMCC\Bin\..\lib\armlib\c_p.l(_printf_e.o)
    0x0000049a   0x0000000a   Code   RO         3204    .ARM.Collect$$_printf_percent$$00000005  C:\Keil_v5\ARM\ARMCC\Bin\..\lib\armlib\c_p.l(_printf_g.o)
    0x000004a4   0x0000000a   Code   RO         3205    .ARM.Collect$$_printf_percent$$00000006  C:\Keil_v5\ARM\ARMCC\Bin\..\lib\armlib\c_p.l(_printf_a.o)
    0x000004ae   0x0000000a   Code   RO         3210    .ARM.Collect$$_printf_percent$$00000007  C:\Keil_v5\ARM\ARMCC\Bin\..\lib\armlib\c_p.l(_printf_ll.o)
    0x000004b8   0x0000000a   Code   RO         3200    .ARM.Collect$$_printf_percent$$00000008  C:\Keil_v5\ARM\ARMCC\Bin\..\lib\armlib\c_p.l(_printf_i.o)
    0x000004c2   0x0000000a   Code   RO         2945    .ARM.Collect$$_printf_percent$$00000009  C:\Keil_v5\ARM\ARMCC\Bin\..\lib\armlib\c_p.l(_printf_d.o)
    0x000004cc   0x0000000a   Code   RO         3201    .ARM.Collect$$_printf_percent$$0000000A  C:\Keil_v5\ARM\ARMCC\Bin\..\lib\armlib\c_p.l(_printf_u.o)
    0x000004d6   0x0000000a   Code   RO         3199    .ARM.Collect$$_printf_percent$$0000000B  C:\Keil_v5\ARM\ARMCC\Bin\..\lib\armlib\c_p.l(_printf_o.o)
    0x000004e0   0x0000000a   Code   RO         2944    .ARM.Collect$$_printf_percent$$0000000C  C:\Keil_v5\ARM\ARMCC\Bin\..\lib\armlib\c_p.l(_printf_x.o)
    0x000004ea   0x0000000a   Code   RO         3207    .ARM.Collect$$_printf_percent$$0000000D  C:\Keil_v5\ARM\ARMCC\Bin\..\lib\armlib\c_p.l(_printf_lli.o)
    0x000004f4   0x0000000a   Code   RO         3208    .ARM.Collect$$_printf_percent$$0000000E  C:\Keil_v5\ARM\ARMCC\Bin\..\lib\armlib\c_p.l(_printf_lld.o)
    0x000004fe   0x0000000a   Code   RO         3209    .ARM.Collect$$_printf_percent$$0000000F  C:\Keil_v5\ARM\ARMCC\Bin\..\lib\armlib\c_p.l(_printf_llu.o)
    0x00000508   0x0000000a   Code   RO         3214    .ARM.Collect$$_printf_percent$$00000010  C:\Keil_v5\ARM\ARMCC\Bin\..\lib\armlib\c_p.l(_printf_llo.o)
    0x00000512   0x0000000a   Code   RO         3215    .ARM.Collect$$_printf_percent$$00000011  C:\Keil_v5\ARM\ARMCC\Bin\..\lib\armlib\c_p.l(_printf_llx.o)
    0x0000051c   0x0000000a   Code   RO         3211    .ARM.Collect$$_printf_percent$$00000012  C:\Keil_v5\ARM\ARMCC\Bin\..\lib\armlib\c_p.l(_printf_l.o)
    0x00000526   0x0000000a   Code   RO         3196    .ARM.Collect$$_printf_percent$$00000013  C:\Keil_v5\ARM\ARMCC\Bin\..\lib\armlib\c_p.l(_printf_c.o)
    0x00000530   0x0000000a   Code   RO         2943    .ARM.Collect$$_printf_percent$$00000014  C:\Keil_v5\ARM\ARMCC\Bin\..\lib\armlib\c_p.l(_printf_s.o)
    0x0000053a   0x0000000a   Code   RO         3212    .ARM.Collect$$_printf_percent$$00000015  C:\Keil_v5\ARM\ARMCC\Bin\..\lib\armlib\c_p.l(_printf_lc.o)
    0x00000544   0x0000000a   Code   RO         3213    .ARM.Collect$$_printf_percent$$00000016  C:\Keil_v5\ARM\ARMCC\Bin\..\lib\armlib\c_p.l(_printf_ls.o)
    0x0000054e   0x00000004   Code   RO         3206    .ARM.Collect$$_printf_percent$$00000017  C:\Keil_v5\ARM\ARMCC\Bin\..\lib\armlib\c_p.l(_printf_percent_end.o)
    0x00000552   0x00000002   Code   RO         3478    .ARM.Collect$$libinit$$00000000  C:\Keil_v5\ARM\ARMCC\Bin\..\lib\armlib\c_p.l(libinit.o)
    0x00000554   0x00000000   Code   RO         3246    .ARM.Collect$$libinit$$00000002  C:\Keil_v5\ARM\ARMCC\Bin\..\lib\armlib\c_p.l(libinit2.o)
    0x00000554   0x00000000   Code   RO         3248    .ARM.Collect$$libinit$$00000004  C:\Keil_v5\ARM\ARMCC\Bin\..\lib\armlib\c_p.l(libinit2.o)
    0x00000554   0x00000008   Code   RO         3249    .ARM.Collect$$libinit$$00000005  C:\Keil_v5\ARM\ARMCC\Bin\..\lib\armlib\c_p.l(libinit2.o)
    0x0000055c   0x00000000   Code   RO         3251    .ARM.Collect$$libinit$$0000000A  C:\Keil_v5\ARM\ARMCC\Bin\..\lib\armlib\c_p.l(libinit2.o)
    0x0000055c   0x00000000   Code   RO         3253    .ARM.Collect$$libinit$$0000000C  C:\Keil_v5\ARM\ARMCC\Bin\..\lib\armlib\c_p.l(libinit2.o)
    0x0000055c   0x00000000   Code   RO         3255    .ARM.Collect$$libinit$$0000000E  C:\Keil_v5\ARM\ARMCC\Bin\..\lib\armlib\c_p.l(libinit2.o)
    0x0000055c   0x00000006   Code   RO         3256    .ARM.Collect$$libinit$$0000000F  C:\Keil_v5\ARM\ARMCC\Bin\..\lib\armlib\c_p.l(libinit2.o)
    0x00000562   0x00000000   Code   RO         3258    .ARM.Collect$$libinit$$00000011  C:\Keil_v5\ARM\ARMCC\Bin\..\lib\armlib\c_p.l(libinit2.o)
    0x00000562   0x0000000c   Code   RO         3259    .ARM.Collect$$libinit$$00000012  C:\Keil_v5\ARM\ARMCC\Bin\..\lib\armlib\c_p.l(libinit2.o)
    0x0000056e   0x00000000   Code   RO         3260    .ARM.Collect$$libinit$$00000013  C:\Keil_v5\ARM\ARMCC\Bin\..\lib\armlib\c_p.l(libinit2.o)
    0x0000056e   0x00000000   Code   RO         3262    .ARM.Collect$$libinit$$00000015  C:\Keil_v5\ARM\ARMCC\Bin\..\lib\armlib\c_p.l(libinit2.o)
    0x0000056e   0x0000000a   Code   RO         3263    .ARM.Collect$$libinit$$00000016  C:\Keil_v5\ARM\ARMCC\Bin\..\lib\armlib\c_p.l(libinit2.o)
    0x00000578   0x00000000   Code   RO         3264    .ARM.Collect$$libinit$$00000017  C:\Keil_v5\ARM\ARMCC\Bin\..\lib\armlib\c_p.l(libinit2.o)
    0x00000578   0x00000000   Code   RO         3266    .ARM.Collect$$libinit$$00000019  C:\Keil_v5\ARM\ARMCC\Bin\..\lib\armlib\c_p.l(libinit2.o)
    0x00000578   0x00000000   Code   RO         3268    .ARM.Collect$$libinit$$0000001B  C:\Keil_v5\ARM\ARMCC\Bin\..\lib\armlib\c_p.l(libinit2.o)
    0x00000578   0x00000000   Code   RO         3270    .ARM.Collect$$libinit$$0000001D  C:\Keil_v5\ARM\ARMCC\Bin\..\lib\armlib\c_p.l(libinit2.o)
    0x00000578   0x00000000   Code   RO         3272    .ARM.Collect$$libinit$$0000001F  C:\Keil_v5\ARM\ARMCC\Bin\..\lib\armlib\c_p.l(libinit2.o)
    0x00000578   0x00000000   Code   RO         3274    .ARM.Collect$$libinit$$00000021  C:\Keil_v5\ARM\ARMCC\Bin\..\lib\armlib\c_p.l(libinit2.o)
    0x00000578   0x00000000   Code   RO         3276    .ARM.Collect$$libinit$$00000023  C:\Keil_v5\ARM\ARMCC\Bin\..\lib\armlib\c_p.l(libinit2.o)
    0x00000578   0x00000004   Code   RO         3277    .ARM.Collect$$libinit$$00000024  C:\Keil_v5\ARM\ARMCC\Bin\..\lib\armlib\c_p.l(libinit2.o)
    0x0000057c   0x00000000   Code   RO         3278    .ARM.Collect$$libinit$$00000025  C:\Keil_v5\ARM\ARMCC\Bin\..\lib\armlib\c_p.l(libinit2.o)
    0x0000057c   0x00000000   Code   RO         3282    .ARM.Collect$$libinit$$0000002C  C:\Keil_v5\ARM\ARMCC\Bin\..\lib\armlib\c_p.l(libinit2.o)
    0x0000057c   0x00000000   Code   RO         3284    .ARM.Collect$$libinit$$0000002E  C:\Keil_v5\ARM\ARMCC\Bin\..\lib\armlib\c_p.l(libinit2.o)
    0x0000057c   0x00000000   Code   RO         3286    .ARM.Collect$$libinit$$00000030  C:\Keil_v5\ARM\ARMCC\Bin\..\lib\armlib\c_p.l(libinit2.o)
    0x0000057c   0x00000004   Code   RO         3287    .ARM.Collect$$libinit$$00000031  C:\Keil_v5\ARM\ARMCC\Bin\..\lib\armlib\c_p.l(libinit2.o)
    0x00000580   0x00000000   Code   RO         3288    .ARM.Collect$$libinit$$00000032  C:\Keil_v5\ARM\ARMCC\Bin\..\lib\armlib\c_p.l(libinit2.o)
    0x00000580   0x00000002   Code   RO         3289    .ARM.Collect$$libinit$$00000033  C:\Keil_v5\ARM\ARMCC\Bin\..\lib\armlib\c_p.l(libinit2.o)
    0x00000582   0x00000000   Code   RO         3397    .ARM.Collect$$libshutdown$$00000004  C:\Keil_v5\ARM\ARMCC\Bin\..\lib\armlib\c_p.l(libshutdown2.o)
    0x00000582   0x00000000   Code   RO         3141    .ARM.Collect$$rtentry$$00000000  C:\Keil_v5\ARM\ARMCC\Bin\..\lib\armlib\c_p.l(__rtentry.o)
    0x00000582   0x00000000   Code   RO         3322    .ARM.Collect$$rtentry$$00000002  C:\Keil_v5\ARM\ARMCC\Bin\..\lib\armlib\c_p.l(__rtentry2.o)
    0x00000582   0x00000006   Code   RO         3334    .ARM.Collect$$rtentry$$00000004  C:\Keil_v5\ARM\ARMCC\Bin\..\lib\armlib\c_p.l(__rtentry4.o)
    0x00000588   0x00000008   Code   RO         3323    .ARM.Collect$$rtentry$$00000008  C:\Keil_v5\ARM\ARMCC\Bin\..\lib\armlib\c_p.l(__rtentry2.o)
    0x00000590   0x00000004   Code   RO         3325    .ARM.Collect$$rtentry$$0000000A  C:\Keil_v5\ARM\ARMCC\Bin\..\lib\armlib\c_p.l(__rtentry2.o)
    0x00000594   0x00000000   Code   RO         3327    .ARM.Collect$$rtentry$$0000000C  C:\Keil_v5\ARM\ARMCC\Bin\..\lib\armlib\c_p.l(__rtentry2.o)
    0x00000594   0x00000008   Code   RO         3328    .ARM.Collect$$rtentry$$0000000D  C:\Keil_v5\ARM\ARMCC\Bin\..\lib\armlib\c_p.l(__rtentry2.o)
    0x0000059c   0x00000038   Code   RO         2983    .emb_text           C:\Keil_v5\ARM\ARMCC\Bin\..\lib\armlib\c_p.l(rt_memcpy.o)
    0x000005d4   0x00000000   Code   RO         3340    .emb_text           C:\Keil_v5\ARM\ARMCC\Bin\..\lib\armlib\c_p.l(maybetermalloc1.o)
    0x000005d4   0x00000004   Code   RO         1450    .rev16_text         .\build\ppp-blinky.o
    0x000005d8   0x0000007c   Code   RO         1410    .text               mbed/TARGET_KW41Z/TOOLCHAIN_ARM_STD/startup_MKW41Z4.o
    0x00000654   0x00000008   Code   RO         2813    .text               C:\Keil_v5\ARM\ARMCC\Bin\..\lib\armlib\c_p.l(rt_errno_addr.o)
    0x0000065c   0x00000062   Code   RO         2822    .text               C:\Keil_v5\ARM\ARMCC\Bin\..\lib\armlib\c_p.l(h1_alloc.o)
    0x000006be   0x0000004c   Code   RO         2824    .text               C:\Keil_v5\ARM\ARMCC\Bin\..\lib\armlib\c_p.l(h1_free.o)
    0x0000070a   0x00000002   PAD
    0x0000070c   0x00000038   Code   RO         2880    .text               C:\Keil_v5\ARM\ARMCC\Bin\..\lib\armlib\c_p.l(vsnprintf.o)
    0x00000744   0x0000002c   Code   RO         2886    .text               C:\Keil_v5\ARM\ARMCC\Bin\..\lib\armlib\c_p.l(__2sprintf.o)
    0x00000770   0x0000003c   Code   RO         2888    .text               C:\Keil_v5\ARM\ARMCC\Bin\..\lib\armlib\c_p.l(__2snprintf.o)
    0x000007ac   0x0000004e   Code   RO         2896    .text               C:\Keil_v5\ARM\ARMCC\Bin\..\lib\armlib\c_p.l(_printf_pad.o)
    0x000007fa   0x00000052   Code   RO         2898    .text               C:\Keil_v5\ARM\ARMCC\Bin\..\lib\armlib\c_p.l(_printf_str.o)
    0x0000084c   0x0000006c   Code   RO         2900    .text               C:\Keil_v5\ARM\ARMCC\Bin\..\lib\armlib\c_p.l(_printf_dec.o)
    0x000008b8   0x00000098   Code   RO         2920    .text               C:\Keil_v5\ARM\ARMCC\Bin\..\lib\armlib\c_p.l(_printf_hex_int_ll_ptr.o)
    0x00000950   0x00000188   Code   RO         2940    .text               C:\Keil_v5\ARM\ARMCC\Bin\..\lib\armlib\c_p.l(__printf_flags_ss_wp.o)
    0x00000ad8   0x00000068   Code   RO         2947    .text               C:\Keil_v5\ARM\ARMCC\Bin\..\lib\armlib\c_p.l(fflush.o)
    0x00000b40   0x000000e8   Code   RO         2955    .text               C:\Keil_v5\ARM\ARMCC\Bin\..\lib\armlib\c_p.l(fopen.o)
    0x00000c28   0x0000007c   Code   RO         2971    .text               C:\Keil_v5\ARM\ARMCC\Bin\..\lib\armlib\c_p.l(assert.o)
    0x00000ca4   0x00000014   Code   RO         2973    .text               C:\Keil_v5\ARM\ARMCC\Bin\..\lib\armlib\c_p.l(strchr.o)
    0x00000cb8   0x00000028   Code   RO         2975    .text               C:\Keil_v5\ARM\ARMCC\Bin\..\lib\armlib\c_p.l(strstr.o)
    0x00000ce0   0x0000004c   Code   RO         2977    .text               C:\Keil_v5\ARM\ARMCC\Bin\..\lib\armlib\c_p.l(strcpy.o)
    0x00000d2c   0x00000044   Code   RO         2979    .text               C:\Keil_v5\ARM\ARMCC\Bin\..\lib\armlib\c_p.l(strlen.o)
    0x00000d70   0x000000a0   Code   RO         2981    .text               C:\Keil_v5\ARM\ARMCC\Bin\..\lib\armlib\c_p.l(strncmp.o)
    0x00000e10   0x00000082   Code   RO         2984    .text               C:\Keil_v5\ARM\ARMCC\Bin\..\lib\armlib\c_p.l(rt_memcpy.o)
    0x00000e92   0x00000040   Code   RO         2987    .text               C:\Keil_v5\ARM\ARMCC\Bin\..\lib\armlib\c_p.l(rt_memclr.o)
    0x00000ed2   0x00000002   PAD
    0x00000ed4   0x0000006c   Code   RO         2989    .text               C:\Keil_v5\ARM\ARMCC\Bin\..\lib\armlib\c_p.l(strncpy.o)
    0x00000f40   0x000000a0   Code   RO         2991    .text               C:\Keil_v5\ARM\ARMCC\Bin\..\lib\armlib\c_p.l(strcmpv6m.o)
    0x00000fe0   0x000001e8   Code   RO         2993    .text               C:\Keil_v5\ARM\ARMCC\Bin\..\lib\armlib\c_p.l(aeabi_sdivfast.o)
    0x000011c8   0x00000024   Code   RO         3002    .text               C:\Keil_v5\ARM\ARMCC\Bin\..\lib\armlib\c_p.l(init_aeabi.o)
    0x000011ec   0x00000022   Code   RO         3114    .text               C:\Keil_v5\ARM\ARMCC\Bin\..\lib\cpplib\cpprt_p.l(aeabi_vec_dtor_noexceptions.o)
    0x0000120e   0x00000002   PAD
    0x00001210   0x00000008   Code   RO         3146    .text               C:\Keil_v5\ARM\ARMCC\Bin\..\lib\armlib\c_p.l(rt_heap_descriptor.o)
    0x00001218   0x00000004   Code   RO         3151    .text               C:\Keil_v5\ARM\ARMCC\Bin\..\lib\armlib\c_p.l(hguard.o)
    0x0000121c   0x00000088   Code   RO         3153    .text               C:\Keil_v5\ARM\ARMCC\Bin\..\lib\armlib\c_p.l(init_alloc.o)
    0x000012a4   0x0000000e   Code   RO         3157    .text               C:\Keil_v5\ARM\ARMCC\Bin\..\lib\armlib\c_p.l(h1_init.o)
    0x000012b2   0x00000024   Code   RO         3171    .text               C:\Keil_v5\ARM\ARMCC\Bin\..\lib\armlib\c_p.l(_printf_truncate.o)
    0x000012d6   0x000000b0   Code   RO         3173    .text               C:\Keil_v5\ARM\ARMCC\Bin\..\lib\armlib\c_p.l(_printf_intcommon.o)
    0x00001386   0x00000026   Code   RO         3175    .text               C:\Keil_v5\ARM\ARMCC\Bin\..\lib\armlib\c_p.l(_printf_charcount.o)
    0x000013ac   0x00000030   Code   RO         3177    .text               C:\Keil_v5\ARM\ARMCC\Bin\..\lib\armlib\c_p.l(_printf_char_common.o)
    0x000013dc   0x0000000a   Code   RO         3179    .text               C:\Keil_v5\ARM\ARMCC\Bin\..\lib\armlib\c_p.l(_sputc.o)
    0x000013e6   0x00000010   Code   RO         3181    .text               C:\Keil_v5\ARM\ARMCC\Bin\..\lib\armlib\c_p.l(_snputc.o)
    0x000013f6   0x0000002e   Code   RO         3183    .text               C:\Keil_v5\ARM\ARMCC\Bin\..\lib\armlib\c_p.l(_printf_char.o)
    0x00001424   0x000000bc   Code   RO         3185    .text               C:\Keil_v5\ARM\ARMCC\Bin\..\lib\armlib\c_p.l(_printf_wctomb.o)
    0x000014e0   0x00000070   Code   RO         3188    .text               C:\Keil_v5\ARM\ARMCC\Bin\..\lib\armlib\c_p.l(_printf_longlong_dec.o)
    0x00001550   0x00000070   Code   RO         3194    .text               C:\Keil_v5\ARM\ARMCC\Bin\..\lib\armlib\c_p.l(_printf_oct_int_ll.o)
    0x000015c0   0x000000f4   Code   RO         3220    .text               C:\Keil_v5\ARM\ARMCC\Bin\..\lib\armlib\c_p.l(fseek.o)
    0x000016b4   0x0000004c   Code   RO         3222    .text               C:\Keil_v5\ARM\ARMCC\Bin\..\lib\armlib\c_p.l(setvbuf.o)
    0x00001700   0x000000f0   Code   RO         3224    .text               C:\Keil_v5\ARM\ARMCC\Bin\..\lib\armlib\c_p.l(stdio.o)
    0x000017f0   0x0000013c   Code   RO         3227    .text               C:\Keil_v5\ARM\ARMCC\Bin\..\lib\armlib\c_p.l(initio.o)
    0x0000192c   0x0000004c   Code   RO         3229    .text               C:\Keil_v5\ARM\ARMCC\Bin\..\lib\armlib\c_p.l(fclose.o)
    0x00001978   0x00000014   Code   RO         3237    .text               C:\Keil_v5\ARM\ARMCC\Bin\..\lib\armlib\c_p.l(abort.o)
    0x0000198c   0x00000014   Code   RO         3239    .text               C:\Keil_v5\ARM\ARMCC\Bin\..\lib\armlib\c_p.l(assert_puts.o)
    0x000019a0   0x00000028   Code   RO         3241    .text               C:\Keil_v5\ARM\ARMCC\Bin\..\lib\armlib\c_p.l(rtudiv10.o)
    0x000019c8   0x0000000c   Code   RO         3317    .text               C:\Keil_v5\ARM\ARMCC\Bin\..\lib\armlib\c_p.l(sys_wrch.o)
    0x000019d4   0x0000000c   Code   RO         3319    .text               C:\Keil_v5\ARM\ARMCC\Bin\..\lib\armlib\c_p.l(sys_exit.o)
    0x000019e0   0x00000034   Code   RO         3342    .text               C:\Keil_v5\ARM\ARMCC\Bin\..\lib\armlib\c_p.l(h1_extend.o)
    0x00001a14   0x0000007a   Code   RO         3346    .text               C:\Keil_v5\ARM\ARMCC\Bin\..\lib\armlib\c_p.l(lludiv10.o)
    0x00001a8e   0x00000002   PAD
    0x00001a90   0x00000414   Code   RO         3348    .text               C:\Keil_v5\ARM\ARMCC\Bin\..\lib\armlib\c_p.l(_printf_fp_dec.o)
    0x00001ea4   0x000002d8   Code   RO         3350    .text               C:\Keil_v5\ARM\ARMCC\Bin\..\lib\armlib\c_p.l(_printf_fp_hex.o)
    0x0000217c   0x0000002e   Code   RO         3355    .text               C:\Keil_v5\ARM\ARMCC\Bin\..\lib\armlib\c_p.l(_printf_wchar.o)
    0x000021aa   0x00000042   Code   RO         3357    .text               C:\Keil_v5\ARM\ARMCC\Bin\..\lib\armlib\c_p.l(ftell.o)
    0x000021ec   0x00000040   Code   RO         3373    .text               C:\Keil_v5\ARM\ARMCC\Bin\..\lib\armlib\c_p.l(_wcrtomb.o)
    0x0000222c   0x0000000c   Code   RO         3375    .text               C:\Keil_v5\ARM\ARMCC\Bin\..\lib\armlib\c_p.l(defsig_abrt_outer.o)
    0x00002238   0x0000000c   Code   RO         3379    .text               C:\Keil_v5\ARM\ARMCC\Bin\..\lib\armlib\c_p.l(defsig_rtred_outer.o)
    0x00002244   0x0000000c   Code   RO         3383    .text               C:\Keil_v5\ARM\ARMCC\Bin\..\lib\armlib\c_p.l(defsig_rtmem_outer.o)
    0x00002250   0x00000050   Code   RO         3387    .text               C:\Keil_v5\ARM\ARMCC\Bin\..\lib\armlib\c_p.l(heapauxa.o)
    0x000022a0   0x00000002   Code   RO         3428    .text               C:\Keil_v5\ARM\ARMCC\Bin\..\lib\armlib\c_p.l(use_no_semi.o)
    0x000022a2   0x00000000   Code   RO         3430    .text               C:\Keil_v5\ARM\ARMCC\Bin\..\lib\armlib\c_p.l(indicate_semi.o)
    0x000022a2   0x00000002   PAD
    0x000022a4   0x00000010   Code   RO         3431    .text               C:\Keil_v5\ARM\ARMCC\Bin\..\lib\armlib\c_p.l(rt_ctype_table.o)
    0x000022b4   0x00000008   Code   RO         3435    .text               C:\Keil_v5\ARM\ARMCC\Bin\..\lib\armlib\c_p.l(rt_locale.o)
    0x000022bc   0x00000088   Code   RO         3447    .text               C:\Keil_v5\ARM\ARMCC\Bin\..\lib\armlib\c_p.l(_printf_fp_infnan.o)
    0x00002344   0x000000c8   Code   RO         3449    .text               C:\Keil_v5\ARM\ARMCC\Bin\..\lib\armlib\c_p.l(bigflt0.o)
    0x0000240c   0x000004a8   Code   RO         3452    .text               C:\Keil_v5\ARM\ARMCC\Bin\..\lib\armlib\c_p.l(btod.o)
    0x000028b4   0x0000000c   Code   RO         3459    .text               C:\Keil_v5\ARM\ARMCC\Bin\..\lib\armlib\c_p.l(defsig_exit.o)
    0x000028c0   0x00000030   Code   RO         3461    .text               C:\Keil_v5\ARM\ARMCC\Bin\..\lib\armlib\c_p.l(defsig_abrt_inner.o)
    0x000028f0   0x00000034   Code   RO         3467    .text               C:\Keil_v5\ARM\ARMCC\Bin\..\lib\armlib\c_p.l(defsig_rtred_inner.o)
    0x00002924   0x00000050   Code   RO         3469    .text               C:\Keil_v5\ARM\ARMCC\Bin\..\lib\armlib\c_p.l(defsig_rtmem_inner.o)
    0x00002974   0x00000034   Code   RO         3504    .text               C:\Keil_v5\ARM\ARMCC\Bin\..\lib\armlib\c_p.l(defsig_general.o)
    0x000029a8   0x00000056   Code   RO         3521    .text               C:\Keil_v5\ARM\ARMCC\Bin\..\lib\armlib\c_p.l(__dczerorl2.o)
    0x000029fe   0x0000000c   Code   RO         1239    i.$Sub$$main        mbed/TARGET_KW41Z/TOOLCHAIN_ARM_STD/mbed_sdk_boot.o
    0x00002a0a   0x0000000c   Code   RO         2548    i.<Func1>           mbed/TARGET_KW41Z/TOOLCHAIN_ARM_STD/mbed.ar(SerialBase.o)
    0x00002a16   0x00000002   PAD
    0x00002a18   0x000000c0   Code   RO          158    i.BOARD_BootClockRUN  mbed/TARGET_KW41Z/TOOLCHAIN_ARM_STD/fsl_clock_config.o
    0x00002ad8   0x00000060   Code   RO           79    i.CLOCK_BootToFeeMode  mbed/TARGET_KW41Z/TOOLCHAIN_ARM_STD/fsl_clock.o
    0x00002b38   0x0000005c   Code   RO           87    i.CLOCK_GetEr32kClkFreq  mbed/TARGET_KW41Z/TOOLCHAIN_ARM_STD/fsl_clock.o
    0x00002b94   0x00000098   Code   RO           91    i.CLOCK_GetFllRefClkFreq  mbed/TARGET_KW41Z/TOOLCHAIN_ARM_STD/fsl_clock.o
    0x00002c2c   0x0000012c   Code   RO           92    i.CLOCK_GetFreq     mbed/TARGET_KW41Z/TOOLCHAIN_ARM_STD/fsl_clock.o
    0x00002d58   0x000000a8   Code   RO           96    i.CLOCK_GetOutClkFreq  mbed/TARGET_KW41Z/TOOLCHAIN_ARM_STD/fsl_clock.o
    0x00002e00   0x0000004c   Code   RO           99    i.CLOCK_InitOsc0    mbed/TARGET_KW41Z/TOOLCHAIN_ARM_STD/fsl_clock.o
    0x00002e4c   0x00000010   Code   RO          161    i.CLOCK_SYS_FllStableDelay  mbed/TARGET_KW41Z/TOOLCHAIN_ARM_STD/fsl_clock_config.o
    0x00002e5c   0x00000064   Code   RO          106    i.CLOCK_SetFeeMode  mbed/TARGET_KW41Z/TOOLCHAIN_ARM_STD/fsl_clock.o
    0x00002ec0   0x00000078   Code   RO          108    i.CLOCK_SetInternalRefClkConfig  mbed/TARGET_KW41Z/TOOLCHAIN_ARM_STD/fsl_clock.o
    0x00002f38   0x00000024   Code   RO          112    i.CLOCK_SetSimConfig  mbed/TARGET_KW41Z/TOOLCHAIN_ARM_STD/fsl_clock.o
    0x00002f5c   0x00000010   Code   RO          406    i.DMA0_DriverIRQHandler  mbed/TARGET_KW41Z/TOOLCHAIN_ARM_STD/fsl_edma.o
    0x00002f6c   0x00000010   Code   RO          407    i.DMA1_DriverIRQHandler  mbed/TARGET_KW41Z/TOOLCHAIN_ARM_STD/fsl_edma.o
    0x00002f7c   0x00000010   Code   RO          408    i.DMA2_DriverIRQHandler  mbed/TARGET_KW41Z/TOOLCHAIN_ARM_STD/fsl_edma.o
    0x00002f8c   0x00000010   Code   RO          409    i.DMA3_DriverIRQHandler  mbed/TARGET_KW41Z/TOOLCHAIN_ARM_STD/fsl_edma.o
    0x00002f9c   0x000000bc   Code   RO          419    i.EDMA_HandleIRQ    mbed/TARGET_KW41Z/TOOLCHAIN_ARM_STD/fsl_edma.o
    0x00003058   0x00000028   Code   RO          558    i.I2C0_DriverIRQHandler  mbed/TARGET_KW41Z/TOOLCHAIN_ARM_STD/fsl_i2c.o
    0x00003080   0x00000028   Code   RO          559    i.I2C1_DriverIRQHandler  mbed/TARGET_KW41Z/TOOLCHAIN_ARM_STD/fsl_i2c.o
    0x000030a8   0x00000030   Code   RO          660    i.LPTMR_GetDefaultConfig  mbed/TARGET_KW41Z/TOOLCHAIN_ARM_STD/fsl_lptmr.o
    0x000030d8   0x000000b0   Code   RO          661    i.LPTMR_Init        mbed/TARGET_KW41Z/TOOLCHAIN_ARM_STD/fsl_lptmr.o
    0x00003188   0x00000014   Code   RO          671    i.LPUART0_DriverIRQHandler  mbed/TARGET_KW41Z/TOOLCHAIN_ARM_STD/fsl_lpuart.o
    0x0000319c   0x0000003c   Code   RO          672    i.LPUART_ClearStatusFlags  mbed/TARGET_KW41Z/TOOLCHAIN_ARM_STD/fsl_lpuart.o
    0x000031d8   0x00000018   Code   RO          674    i.LPUART_DisableInterrupts  mbed/TARGET_KW41Z/TOOLCHAIN_ARM_STD/fsl_lpuart.o
    0x000031f0   0x00000018   Code   RO          675    i.LPUART_EnableInterrupts  mbed/TARGET_KW41Z/TOOLCHAIN_ARM_STD/fsl_lpuart.o
    0x00003208   0x00000034   Code   RO          676    i.LPUART_GetDefaultConfig  mbed/TARGET_KW41Z/TOOLCHAIN_ARM_STD/fsl_lpuart.o
    0x0000323c   0x00000018   Code   RO          677    i.LPUART_GetEnabledInterrupts  mbed/TARGET_KW41Z/TOOLCHAIN_ARM_STD/fsl_lpuart.o
    0x00003254   0x0000004c   Code   RO          678    i.LPUART_GetInstance  mbed/TARGET_KW41Z/TOOLCHAIN_ARM_STD/fsl_lpuart.o
    0x000032a0   0x00000004   Code   RO          679    i.LPUART_GetStatusFlags  mbed/TARGET_KW41Z/TOOLCHAIN_ARM_STD/fsl_lpuart.o
    0x000032a4   0x000001cc   Code   RO          680    i.LPUART_Init       mbed/TARGET_KW41Z/TOOLCHAIN_ARM_STD/fsl_lpuart.o
    0x00003470   0x000000c8   Code   RO          681    i.LPUART_ReadBlocking  mbed/TARGET_KW41Z/TOOLCHAIN_ARM_STD/fsl_lpuart.o
    0x00003538   0x000000f8   Code   RO          682    i.LPUART_SetBaudRate  mbed/TARGET_KW41Z/TOOLCHAIN_ARM_STD/fsl_lpuart.o
    0x00003630   0x00000010   Code   RO         1081    i.NMI_Handler       mbed/TARGET_KW41Z/TOOLCHAIN_ARM_STD/mbed_overrides.o
    0x00003640   0x00000094   Code   RO          833    i.PIT_Init          mbed/TARGET_KW41Z/TOOLCHAIN_ARM_STD/fsl_pit.o
    0x000036d4   0x00000050   Code   RO          341    i.SPI0_DriverIRQHandler  mbed/TARGET_KW41Z/TOOLCHAIN_ARM_STD/fsl_dspi.o
    0x00003724   0x00000050   Code   RO          342    i.SPI1_DriverIRQHandler  mbed/TARGET_KW41Z/TOOLCHAIN_ARM_STD/fsl_dspi.o
    0x00003774   0x0000000c   Code   RO         1415    i.SystemInit        mbed/TARGET_KW41Z/TOOLCHAIN_ARM_STD/system_MKW41Z4.o
    0x00003780   0x000000c0   Code   RO         1452    i._Z10ICMPpacketv   .\build\ppp-blinky.o
    0x00003840   0x00000002   Code   RO         1453    i._Z10IGMPpacketv   .\build\ppp-blinky.o
    0x00003842   0x00000002   Code   RO         1454    i._Z10LCPconfAckv   .\build\ppp-blinky.o
    0x00003844   0x00000060   Code   RO         1455    i._Z10LCPconfReqv   .\build\ppp-blinky.o
    0x000038a4   0x00000076   Code   RO         2350    i._Z10SHA1UpdateP8SHA1_CTXPKhj  .\build\sha1.o
    0x0000391a   0x0000001c   Code   RO         1456    i._Z10bufferToIPPc  .\build\ppp-blinky.o
    0x00003936   0x00000002   PAD
    0x00003938   0x00000024   Code   RO         1457    i._Z10led1Togglev   .\build\ppp-blinky.o
    0x0000395c   0x00000260   Code   RO         1458    i._Z10tcpHandlerv   .\build\ppp-blinky.o
    0x00003bbc   0x00000002   Code   RO         1459    i._Z11dumpDataTCPi  .\build\ppp-blinky.o
    0x00003bbe   0x00000002   Code   RO         1460    i._Z11sendUdpDatav  .\build\ppp-blinky.o
    0x00003bc0   0x00000040   Code   RO         1461    i._Z11swapIpPortsv  .\build\ppp-blinky.o
    0x00003c00   0x00000084   Code   RO         1462    i._Z11tcpResponsePciPi  .\build\ppp-blinky.o
    0x00003c84   0x0000000c   Code   RO         1463    i._Z12connectedPppv  .\build\ppp-blinky.o
    0x00003c90   0x0000007c   Code   RO         1464    i._Z12dataCheckSumPcii  .\build\ppp-blinky.o
    0x00003d0c   0x00000002   Code   RO         1465    i._Z12dumpHeaderIPi  .\build\ppp-blinky.o
    0x00003d0e   0x00000002   PAD
    0x00003d10   0x00000074   Code   RO         1466    i._Z12dumpPPPFramev  .\build\ppp-blinky.o
    0x00003d84   0x000002e8   Code   RO         1467    i._Z12httpResponsePcPi  .\build\ppp-blinky.o
    0x0000406c   0x00000074   Code   RO         1468    i._Z12sendPppFramev  .\build\ppp-blinky.o
    0x000040e0   0x0000163c   Code   RO         2351    i._Z13SHA1TransformPjPKh  .\build\sha1.o
    0x0000571c   0x00000002   Code   RO         1469    i._Z13dumpHeaderTCPi  .\build\ppp-blinky.o
    0x0000571e   0x00000002   PAD
    0x00005720   0x0000008c   Code   RO         1470    i._Z13initializePppv  .\build\ppp-blinky.o
    0x000057ac   0x00000002   Code   RO         1471    i._Z13otherProtocolv  .\build\ppp-blinky.o
    0x000057ae   0x00000002   PAD
    0x000057b0   0x00000060   Code   RO         1472    i._Z13pppInitStructv  .\build\ppp-blinky.o
    0x00005810   0x00000002   Code   RO         1473    i._Z14discardedFramev  .\build\ppp-blinky.o
    0x00005812   0x00000002   Code   RO         1474    i._Z14ipcpAckHandlerv  .\build\ppp-blinky.o
    0x00005814   0x00000028   Code   RO         1475    i._Z15ipcpNackHandlerv  .\build\ppp-blinky.o
    0x0000583c   0x00000114   Code   RO         1476    i._Z15processPPPFrameii  .\build\ppp-blinky.o
    0x00005950   0x00000020   Code   RO         1477    i._Z15swapIpAddressesv  .\build\ppp-blinky.o
    0x00005970   0x00000070   Code   RO         1478    i._Z15waitForPppFramev  .\build\ppp-blinky.o
    0x000059e0   0x0000004c   Code   RO         1479    i._Z16IpHeaderCheckSumv  .\build\ppp-blinky.o
    0x00005a2c   0x00000208   Code   RO         1480    i._Z16webSocketHandlerPc  .\build\ppp-blinky.o
    0x00005c34   0x00000064   Code   RO         1481    i._Z17pppReceiveHandlerv  .\build\ppp-blinky.o
    0x00005c98   0x00000002   Code   RO         1482    i._Z18ipcpDefaultHandlerv  .\build\ppp-blinky.o
    0x00005c9a   0x00000002   PAD
    0x00005c9c   0x00000068   Code   RO         1483    i._Z19determinePacketTypev  .\build\ppp-blinky.o
    0x00005d04   0x00000060   Code   RO         1484    i._Z20checkSumPseudoHeaderj  .\build\ppp-blinky.o
    0x00005d64   0x00000002   Code   RO         1486    i._Z22putsWhileCheckingInputPc  .\build\ppp-blinky.o
    0x00005d66   0x00000002   PAD
    0x00005d68   0x00000058   Code   RO         1487    i._Z22waitForPcConnectStringv  .\build\ppp-blinky.o
    0x00005dc0   0x00000070   Code   RO         1488    i._Z24ipcpConfigRequestHandlerv  .\build\ppp-blinky.o
    0x00005e30   0x0000001c   Code   RO         1489    i._Z24pcPutcWhileCheckingInputi  .\build\ppp-blinky.o
    0x00005e4c   0x00000030   Code   RO         2352    i._Z4sha1PcPKci     .\build\sha1.o
    0x00005e7c   0x000000b8   Code   RO         1492    i._Z5enc64PcS_i     .\build\ppp-blinky.o
    0x00005f34   0x00000044   Code   RO         1493    i._Z5fcsDoi         .\build\ppp-blinky.o
    0x00005f78   0x00000028   Code   RO         1496    i._Z6LCPendv        .\build\ppp-blinky.o
    0x00005fa0   0x00000028   Code   RO         1497    i._Z6fcsBufPci      .\build\ppp-blinky.o
    0x00005fc8   0x0000014c   Code   RO         1498    i._Z6initIPjjjjj    .\build\ppp-blinky.o
    0x00006114   0x00000044   Code   RO         1499    i._Z7IPframev       .\build\ppp-blinky.o
    0x00006158   0x00000002   Code   RO         1500    i._Z7checkPcv       .\build\ppp-blinky.o
    0x0000615a   0x0000002a   Code   RO         1501    i._Z7hdlcPuti       .\build\ppp-blinky.o
    0x00006184   0x000000dc   Code   RO         1502    i._Z7sendUdpjjjjPci  .\build\ppp-blinky.o
    0x00006260   0x00000038   Code   RO         1503    i._Z8LCPframev      .\build\ppp-blinky.o
    0x00006298   0x00000008   Code   RO         1504    i._Z8LCPotherv      .\build\ppp-blinky.o
    0x000062a0   0x0000002c   Code   RO         2353    i._Z8SHA1InitP8SHA1_CTX  .\build\sha1.o
    0x000062cc   0x00000010   Code   RO         1505    i._Z8fcsResetv      .\build\ppp-blinky.o
    0x000062dc   0x00000038   Code   RO         1506    i._Z9IPCPframev     .\build\ppp-blinky.o
    0x00006314   0x00000098   Code   RO         2354    i._Z9SHA1FinalPhP8SHA1_CTX  .\build\sha1.o
    0x000063ac   0x0000001a   Code   RO         1507    i._Z9TCPpacketv     .\build\ppp-blinky.o
    0x000063c6   0x00000002   PAD
    0x000063c8   0x000001e0   Code   RO         1508    i._Z9UDPpacketv     .\build\ppp-blinky.o
    0x000065a8   0x00000028   Code   RO         1510    i._Z9pc_getBufv     .\build\ppp-blinky.o
    0x000065d0   0x00000016   Code   RO         1883    i._ZN4mbed10DigitalOutaSEi  .\build\ppp-blinky.o
    0x000065e6   0x0000000e   Code   RO         1889    i._ZN4mbed10DigitalOutcviEv  .\build\ppp-blinky.o
    0x000065f4   0x0000000a   Code   RO         2549    i._ZN4mbed10SerialBase10_base_getcEv  mbed/TARGET_KW41Z/TOOLCHAIN_ARM_STD/mbed.ar(SerialBase.o)
    0x000065fe   0x0000000e   Code   RO         2550    i._ZN4mbed10SerialBase10_base_putcEi  mbed/TARGET_KW41Z/TOOLCHAIN_ARM_STD/mbed.ar(SerialBase.o)
    0x0000660c   0x00000012   Code   RO         2552    i._ZN4mbed10SerialBase12_irq_handlerEj9SerialIrq  mbed/TARGET_KW41Z/TOOLCHAIN_ARM_STD/mbed.ar(SerialBase.o)
    0x0000661e   0x00000022   Code   RO         2553    i._ZN4mbed10SerialBase4baudEi  mbed/TARGET_KW41Z/TOOLCHAIN_ARM_STD/mbed.ar(SerialBase.o)
    0x00006640   0x00000002   Code   RO         2554    i._ZN4mbed10SerialBase4lockEv  mbed/TARGET_KW41Z/TOOLCHAIN_ARM_STD/mbed.ar(SerialBase.o)
    0x00006642   0x000000b8   Code   RO         2555    i._ZN4mbed10SerialBase6attachENS_8CallbackIFvvEEENS0_7IrqTypeE  mbed/TARGET_KW41Z/TOOLCHAIN_ARM_STD/mbed.ar(SerialBase.o)
    0x000066fa   0x00000002   Code   RO         2557    i._ZN4mbed10SerialBase6unlockEv  mbed/TARGET_KW41Z/TOOLCHAIN_ARM_STD/mbed.ar(SerialBase.o)
    0x000066fc   0x00000020   Code   RO         2558    i._ZN4mbed10SerialBase8readableEv  mbed/TARGET_KW41Z/TOOLCHAIN_ARM_STD/mbed.ar(SerialBase.o)
    0x0000671c   0x00000098   Code   RO         2560    i._ZN4mbed10SerialBaseC1E7PinNameS1_i  mbed/TARGET_KW41Z/TOOLCHAIN_ARM_STD/mbed.ar(SerialBase.o)
    0x000067b4   0x00000100   Code   RO         2562    i._ZN4mbed10SerialBaseD1Ev  mbed/TARGET_KW41Z/TOOLCHAIN_ARM_STD/mbed.ar(SerialBase.o)
    0x000068b4   0x00000004   Code   RO         2778    i._ZN4mbed8FileBase11getPathTypeEv  mbed/TARGET_KW41Z/TOOLCHAIN_ARM_STD/mbed.ar(FileBase.o)
    0x000068b8   0x00000070   Code   RO         2780    i._ZN4mbed8FileBase6lookupEPKcj  mbed/TARGET_KW41Z/TOOLCHAIN_ARM_STD/mbed.ar(FileBase.o)
    0x00006928   0x00000020   Code   RO         2680    i._ZN4mbed8FilePath10fileSystemEv  mbed/TARGET_KW41Z/TOOLCHAIN_ARM_STD/mbed.ar(FilePath.o)
    0x00006948   0x00000020   Code   RO         2682    i._ZN4mbed8FilePath4fileEv  mbed/TARGET_KW41Z/TOOLCHAIN_ARM_STD/mbed.ar(FilePath.o)
    0x00006968   0x0000000a   Code   RO         2683    i._ZN4mbed8FilePath6existsEv  mbed/TARGET_KW41Z/TOOLCHAIN_ARM_STD/mbed.ar(FilePath.o)
    0x00006972   0x00000018   Code   RO         2684    i._ZN4mbed8FilePath6isFileEv  mbed/TARGET_KW41Z/TOOLCHAIN_ARM_STD/mbed.ar(FilePath.o)
    0x0000698a   0x00000004   Code   RO         2685    i._ZN4mbed8FilePath8fileNameEv  mbed/TARGET_KW41Z/TOOLCHAIN_ARM_STD/mbed.ar(FilePath.o)
    0x0000698e   0x00000044   Code   RO         2686    i._ZN4mbed8FilePathC1EPKc  mbed/TARGET_KW41Z/TOOLCHAIN_ARM_STD/mbed.ar(FilePath.o)
    0x000069d2   0x00000020   Code   RO         2506    i._ZN4mbed9RawSerial4getcEv  mbed/TARGET_KW41Z/TOOLCHAIN_ARM_STD/mbed.ar(RawSerial.o)
    0x000069f2   0x00000002   Code   RO         2507    i._ZN4mbed9RawSerial4lockEv  mbed/TARGET_KW41Z/TOOLCHAIN_ARM_STD/mbed.ar(RawSerial.o)
    0x000069f4   0x00000024   Code   RO         2508    i._ZN4mbed9RawSerial4putcEi  mbed/TARGET_KW41Z/TOOLCHAIN_ARM_STD/mbed.ar(RawSerial.o)
    0x00006a18   0x00000042   Code   RO         2509    i._ZN4mbed9RawSerial4putsEPKc  mbed/TARGET_KW41Z/TOOLCHAIN_ARM_STD/mbed.ar(RawSerial.o)
    0x00006a5a   0x00000002   Code   RO         2511    i._ZN4mbed9RawSerial6unlockEv  mbed/TARGET_KW41Z/TOOLCHAIN_ARM_STD/mbed.ar(RawSerial.o)
    0x00006a5c   0x00000010   Code   RO         2512    i._ZN4mbed9RawSerialC1E7PinNameS1_i  mbed/TARGET_KW41Z/TOOLCHAIN_ARM_STD/mbed.ar(RawSerial.o)
    0x00006a6c   0x00000008   Code   RO         2536    i._ZN4mbed9RawSerialD1Ev  mbed/TARGET_KW41Z/TOOLCHAIN_ARM_STD/mbed.ar(RawSerial.o)
    0x00006a74   0x00000010   Code   RO         1895    i._ZSt6strstrPcPKc  .\build\ppp-blinky.o
    0x00006a84   0x00000030   Code   RO         3454    i.__ARM_common_ll_muluu  C:\Keil_v5\ARM\ARMCC\Bin\..\lib\armlib\c_p.l(btod.o)
    0x00006ab4   0x0000002c   Code   RO         3491    i.__ARM_fpclassify  C:\Keil_v5\ARM\ARMCC\Bin\..\lib\armlib\m_ps.l(fpclassify.o)
    0x00006ae0   0x00000004   Code   RO         1102    i.__aeabi_atexit    mbed/TARGET_KW41Z/TOOLCHAIN_ARM_STD/mbed_retarget.o
    0x00006ae4   0x00000022   Code   RO         3111    i.__aeabi_vec_ctor_nocookie_nodtor  C:\Keil_v5\ARM\ARMCC\Bin\..\lib\cpplib\cpprt_p.l(aeabi_vec_ctor_nocookie_nodtor.o)
    0x00006b06   0x00000002   PAD
    0x00006b08   0x00000044   Code   RO         1511    i.__sti___14_ppp_blinky_cpp_body  .\build\ppp-blinky.o
    0x00006b4c   0x00000008   Code   RO         1105    i.__user_setup_stackheap  mbed/TARGET_KW41Z/TOOLCHAIN_ARM_STD/mbed_retarget.o
    0x00006b54   0x0000000e   Code   RO         2933    i._is_digit         C:\Keil_v5\ARM\ARMCC\Bin\..\lib\armlib\c_p.l(__printf_wp.o)
    0x00006b62   0x00000002   PAD
    0x00006b64   0x00000010   Code   RO         1106    i._mbed_user_setup_stackheap  mbed/TARGET_KW41Z/TOOLCHAIN_ARM_STD/mbed_retarget.o
    0x00006b74   0x00000020   Code   RO         1240    i._platform_post_stackheap_init  mbed/TARGET_KW41Z/TOOLCHAIN_ARM_STD/mbed_sdk_boot.o
    0x00006b94   0x00000048   Code   RO         1107    i._sys_close        mbed/TARGET_KW41Z/TOOLCHAIN_ARM_STD/mbed_retarget.o
    0x00006bdc   0x0000004c   Code   RO         1110    i._sys_flen         mbed/TARGET_KW41Z/TOOLCHAIN_ARM_STD/mbed_retarget.o
    0x00006c28   0x00000040   Code   RO         1111    i._sys_istty        mbed/TARGET_KW41Z/TOOLCHAIN_ARM_STD/mbed_retarget.o
    0x00006c68   0x00000220   Code   RO         1112    i._sys_open         mbed/TARGET_KW41Z/TOOLCHAIN_ARM_STD/mbed_retarget.o
    0x00006e88   0x0000004c   Code   RO         1114    i._sys_seek         mbed/TARGET_KW41Z/TOOLCHAIN_ARM_STD/mbed_retarget.o
    0x00006ed4   0x00000084   Code   RO         1115    i._sys_write        mbed/TARGET_KW41Z/TOOLCHAIN_ARM_STD/mbed_retarget.o
    0x00006f58   0x0000001a   Code   RO         2717    i.core_util_atomic_decr_u16  mbed/TARGET_KW41Z/TOOLCHAIN_ARM_STD/mbed.ar(mbed_critical.o)
    0x00006f72   0x0000001a   Code   RO         2721    i.core_util_atomic_incr_u16  mbed/TARGET_KW41Z/TOOLCHAIN_ARM_STD/mbed.ar(mbed_critical.o)
    0x00006f8c   0x000000c8   Code   RO         2724    i.core_util_critical_section_enter  mbed/TARGET_KW41Z/TOOLCHAIN_ARM_STD/mbed.ar(mbed_critical.o)
    0x00007054   0x00000094   Code   RO         2725    i.core_util_critical_section_exit  mbed/TARGET_KW41Z/TOOLCHAIN_ARM_STD/mbed.ar(mbed_critical.o)
    0x000070e8   0x0000002c   Code   RO         2748    i.error             mbed/TARGET_KW41Z/TOOLCHAIN_ARM_STD/mbed.ar(mbed_error.o)
    0x00007114   0x00000020   Code   RO         1118    i.exit              mbed/TARGET_KW41Z/TOOLCHAIN_ARM_STD/mbed_retarget.o
    0x00007134   0x00000008   Code   RO         2645    i.get_us_ticker_data  mbed/TARGET_KW41Z/TOOLCHAIN_ARM_STD/mbed.ar(mbed_us_ticker_api.o)
    0x0000713c   0x00000064   Code   RO          989    i.gpio_dir          mbed/TARGET_KW41Z/TOOLCHAIN_ARM_STD/gpio_api.o
    0x000071a0   0x00000014   Code   RO          990    i.gpio_init         mbed/TARGET_KW41Z/TOOLCHAIN_ARM_STD/gpio_api.o
    0x000071b4   0x00000022   Code   RO         2615    i.gpio_init_in      mbed/TARGET_KW41Z/TOOLCHAIN_ARM_STD/mbed.ar(mbed_gpio.o)
    0x000071d6   0x0000002c   Code   RO         2618    i.gpio_init_out     mbed/TARGET_KW41Z/TOOLCHAIN_ARM_STD/mbed.ar(mbed_gpio.o)
    0x00007202   0x0000000e   Code   RO          991    i.gpio_mode         mbed/TARGET_KW41Z/TOOLCHAIN_ARM_STD/gpio_api.o
    0x00007210   0x0000004c   Code   RO          992    i.gpio_read         mbed/TARGET_KW41Z/TOOLCHAIN_ARM_STD/gpio_api.o
    0x0000725c   0x0000005c   Code   RO          994    i.gpio_write        mbed/TARGET_KW41Z/TOOLCHAIN_ARM_STD/gpio_api.o
    0x000072b8   0x00000024   Code   RO         1433    i.lptmr_isr         mbed/TARGET_KW41Z/TOOLCHAIN_ARM_STD/us_ticker.o
    0x000072dc   0x0000001a   Code   RO         2406    i.main              .\build\main.o
    0x000072f6   0x00000002   PAD
    0x000072f8   0x00000054   Code   RO         2705    i.mbed_assert_internal  mbed/TARGET_KW41Z/TOOLCHAIN_ARM_STD/mbed.ar(mbed_assert.o)
    0x0000734c   0x00000060   Code   RO         1071    i.mbed_die          mbed/TARGET_KW41Z/TOOLCHAIN_ARM_STD/mbed_board.o
    0x000073ac   0x0000005c   Code   RO         1072    i.mbed_error_printf  mbed/TARGET_KW41Z/TOOLCHAIN_ARM_STD/mbed_board.o
    0x00007408   0x00000054   Code   RO         1073    i.mbed_error_vfprintf  mbed/TARGET_KW41Z/TOOLCHAIN_ARM_STD/mbed_board.o
    0x0000745c   0x00000002   Code   RO         1242    i.mbed_main         mbed/TARGET_KW41Z/TOOLCHAIN_ARM_STD/mbed_sdk_boot.o
    0x0000745e   0x00000008   Code   RO         1082    i.mbed_sdk_init     mbed/TARGET_KW41Z/TOOLCHAIN_ARM_STD/mbed_overrides.o
    0x00007466   0x00000002   PAD
    0x00007468   0x00000078   Code   RO         1273    i.pin_function      mbed/TARGET_KW41Z/TOOLCHAIN_ARM_STD/pinmap.o
    0x000074e0   0x00000070   Code   RO         1274    i.pin_mode          mbed/TARGET_KW41Z/TOOLCHAIN_ARM_STD/pinmap.o
    0x00007550   0x00000034   Code   RO         2632    i.pinmap_merge      mbed/TARGET_KW41Z/TOOLCHAIN_ARM_STD/mbed.ar(mbed_pinmap_common.o)
    0x00007584   0x0000005c   Code   RO         2633    i.pinmap_peripheral  mbed/TARGET_KW41Z/TOOLCHAIN_ARM_STD/mbed.ar(mbed_pinmap_common.o)
    0x000075e0   0x00000054   Code   RO         2634    i.pinmap_pinout     mbed/TARGET_KW41Z/TOOLCHAIN_ARM_STD/mbed.ar(mbed_pinmap_common.o)
    0x00007634   0x00000066   Code   RO         2656    i.schedule_interrupt  mbed/TARGET_KW41Z/TOOLCHAIN_ARM_STD/mbed.ar(mbed_ticker_api.o)
    0x0000769a   0x00000002   PAD
    0x0000769c   0x0000002c   Code   RO         1341    i.serial_baud       mbed/TARGET_KW41Z/TOOLCHAIN_ARM_STD/serial_api.o
    0x000076c8   0x0000001c   Code   RO         1347    i.serial_getc       mbed/TARGET_KW41Z/TOOLCHAIN_ARM_STD/serial_api.o
    0x000076e4   0x00000108   Code   RO         1348    i.serial_init       mbed/TARGET_KW41Z/TOOLCHAIN_ARM_STD/serial_api.o
    0x000077ec   0x00000014   Code   RO         1349    i.serial_irq_handler  mbed/TARGET_KW41Z/TOOLCHAIN_ARM_STD/serial_api.o
    0x00007800   0x000000e8   Code   RO         1350    i.serial_irq_set    mbed/TARGET_KW41Z/TOOLCHAIN_ARM_STD/serial_api.o
    0x000078e8   0x00000044   Code   RO         1352    i.serial_putc       mbed/TARGET_KW41Z/TOOLCHAIN_ARM_STD/serial_api.o
    0x0000792c   0x00000030   Code   RO         1353    i.serial_readable   mbed/TARGET_KW41Z/TOOLCHAIN_ARM_STD/serial_api.o
    0x0000795c   0x00000060   Code   RO         2766    i.sleep_manager_lock_deep_sleep  mbed/TARGET_KW41Z/TOOLCHAIN_ARM_STD/mbed.ar(mbed_sleep_manager.o)
    0x000079bc   0x00000054   Code   RO         2768    i.sleep_manager_unlock_deep_sleep  mbed/TARGET_KW41Z/TOOLCHAIN_ARM_STD/mbed.ar(mbed_sleep_manager.o)
    0x00007a10   0x0000005e   Code   RO         2660    i.ticker_irq_handler  mbed/TARGET_KW41Z/TOOLCHAIN_ARM_STD/mbed.ar(mbed_ticker_api.o)
    0x00007a6e   0x00000040   Code   RO         2661    i.ticker_read       mbed/TARGET_KW41Z/TOOLCHAIN_ARM_STD/mbed.ar(mbed_ticker_api.o)
    0x00007aae   0x00000002   PAD
    0x00007ab0   0x00000054   Code   RO         1355    i.uart0_irq         mbed/TARGET_KW41Z/TOOLCHAIN_ARM_STD/serial_api.o
    0x00007b04   0x0000002c   Code   RO         2665    i.update_present_time  mbed/TARGET_KW41Z/TOOLCHAIN_ARM_STD/mbed.ar(mbed_ticker_api.o)
    0x00007b30   0x00000010   Code   RO         1434    i.us_ticker_clear_interrupt  mbed/TARGET_KW41Z/TOOLCHAIN_ARM_STD/us_ticker.o
    0x00007b40   0x00000014   Code   RO         1435    i.us_ticker_disable_interrupt  mbed/TARGET_KW41Z/TOOLCHAIN_ARM_STD/us_ticker.o
    0x00007b54   0x00000010   Code   RO         1436    i.us_ticker_fire_interrupt  mbed/TARGET_KW41Z/TOOLCHAIN_ARM_STD/us_ticker.o
    0x00007b64   0x000000ac   Code   RO         1437    i.us_ticker_init    mbed/TARGET_KW41Z/TOOLCHAIN_ARM_STD/us_ticker.o
    0x00007c10   0x00000010   Code   RO         2646    i.us_ticker_irq_handler  mbed/TARGET_KW41Z/TOOLCHAIN_ARM_STD/mbed.ar(mbed_us_ticker_api.o)
    0x00007c20   0x00000020   Code   RO         1438    i.us_ticker_read    mbed/TARGET_KW41Z/TOOLCHAIN_ARM_STD/us_ticker.o
    0x00007c40   0x0000004c   Code   RO         1439    i.us_ticker_set_interrupt  mbed/TARGET_KW41Z/TOOLCHAIN_ARM_STD/us_ticker.o
    0x00007c8c   0x00000024   Code   RO         2756    i.wait_ms           mbed/TARGET_KW41Z/TOOLCHAIN_ARM_STD/mbed.ar(mbed_wait_api_no_rtos.o)
    0x00007cb0   0x0000001e   Code   RO         2757    i.wait_us           mbed/TARGET_KW41Z/TOOLCHAIN_ARM_STD/mbed.ar(mbed_wait_api_no_rtos.o)
    0x00007cce   0x00000002   PAD
    0x00007cd0   0x0000002c   Code   RO         3457    locale$$code        C:\Keil_v5\ARM\ARMCC\Bin\..\lib\armlib\c_p.l(lc_numeric_c.o)
    0x00007cfc   0x0000002c   Code   RO         3498    locale$$code        C:\Keil_v5\ARM\ARMCC\Bin\..\lib\armlib\c_p.l(lc_ctype_c.o)
    0x00007d28   0x0000002c   Code   RO         2804    t._ZN12SingletonPtrI13PlatformMutexEptEv  mbed/TARGET_KW41Z/TOOLCHAIN_ARM_STD/mbed.ar(FileBase.o)
    0x00007d54   0x0000000a   Code   RO         1905    t._ZN4mbed8CallbackIFvvEE13function_callIPS1_EEvPKv  .\build\ppp-blinky.o
    0x00007d5e   0x00000002   Code   RO         1917    t._ZN4mbed8CallbackIFvvEE13function_dtorIPS1_EEvPv  .\build\ppp-blinky.o
    0x00007d60   0x0000000e   Code   RO         1911    t._ZN4mbed8CallbackIFvvEE13function_moveIPS1_EEvPvPKv  .\build\ppp-blinky.o
    0x00007d6e   0x00000014   Code   RO         2606    t._ZN4mbed8CallbackIFvvEED1Ev  mbed/TARGET_KW41Z/TOOLCHAIN_ARM_STD/mbed.ar(SerialBase.o)
    0x00007d82   0x00000002   PAD
    0x00007d84   0x00000010   Code   RO         3308    x$fpl$printf1       C:\Keil_v5\ARM\ARMCC\Bin\..\lib\armlib\fz_ps.l(printf1.o)
    0x00007d94   0x00000010   Code   RO         3310    x$fpl$printf2       C:\Keil_v5\ARM\ARMCC\Bin\..\lib\armlib\fz_ps.l(printf2.o)
    0x00007da4   0x00000000   Code   RO         3316    x$fpl$usenofp       C:\Keil_v5\ARM\ARMCC\Bin\..\lib\armlib\fz_ps.l(usenofp.o)
    0x00007da4   0x00000044   Data   RO          114    .constdata          mbed/TARGET_KW41Z/TOOLCHAIN_ARM_STD/fsl_clock.o
    0x00007de8   0x00000038   Data   RO          162    .constdata          mbed/TARGET_KW41Z/TOOLCHAIN_ARM_STD/fsl_clock_config.o
    0x00007e20   0x00000008   Data   RO          662    .constdata          mbed/TARGET_KW41Z/TOOLCHAIN_ARM_STD/fsl_lptmr.o
    0x00007e28   0x0000000c   Data   RO          695    .constdata          mbed/TARGET_KW41Z/TOOLCHAIN_ARM_STD/fsl_lpuart.o
    0x00007e34   0x00000008   Data   RO          834    .constdata          mbed/TARGET_KW41Z/TOOLCHAIN_ARM_STD/fsl_pit.o
    0x00007e3c   0x0000000c   Data   RO          995    .constdata          mbed/TARGET_KW41Z/TOOLCHAIN_ARM_STD/gpio_api.o
    0x00007e48   0x00000017   Data   RO         1170    .constdata          mbed/TARGET_KW41Z/TOOLCHAIN_ARM_STD/mbed_retarget.o
    0x00007e5f   0x00000001   PAD
    0x00007e60   0x00000030   Data   RO         1260    .constdata          mbed/TARGET_KW41Z/TOOLCHAIN_ARM_STD/PeripheralPins.o
    0x00007e90   0x00000030   Data   RO         1261    .constdata          mbed/TARGET_KW41Z/TOOLCHAIN_ARM_STD/PeripheralPins.o
    0x00007ec0   0x00000018   Data   RO         1275    .constdata          mbed/TARGET_KW41Z/TOOLCHAIN_ARM_STD/pinmap.o
    0x00007ed8   0x00000008   Data   RO         1356    .constdata          mbed/TARGET_KW41Z/TOOLCHAIN_ARM_STD/serial_api.o
    0x00007ee0   0x00000042   Data   RO         1573    .constdata          .\build\ppp-blinky.o
    0x00007f22   0x00000002   PAD
    0x00007f24   0x00000018   Data   RO         2648    .constdata          mbed/TARGET_KW41Z/TOOLCHAIN_ARM_STD/mbed.ar(mbed_us_ticker_api.o)
    0x00007f3c   0x00000008   Data   RO         2649    .constdata          mbed/TARGET_KW41Z/TOOLCHAIN_ARM_STD/mbed.ar(mbed_us_ticker_api.o)
    0x00007f44   0x00000028   Data   RO         2921    .constdata          C:\Keil_v5\ARM\ARMCC\Bin\..\lib\armlib\c_p.l(_printf_hex_int_ll_ptr.o)
    0x00007f6c   0x00000011   Data   RO         2941    .constdata          C:\Keil_v5\ARM\ARMCC\Bin\..\lib\armlib\c_p.l(__printf_flags_ss_wp.o)
    0x00007f7d   0x00000003   PAD
    0x00007f80   0x00000008   Data   RO         3186    .constdata          C:\Keil_v5\ARM\ARMCC\Bin\..\lib\armlib\c_p.l(_printf_wctomb.o)
    0x00007f88   0x00000026   Data   RO         3351    .constdata          C:\Keil_v5\ARM\ARMCC\Bin\..\lib\armlib\c_p.l(_printf_fp_hex.o)
    0x00007fae   0x00000002   PAD
    0x00007fb0   0x00000094   Data   RO         3450    .constdata          C:\Keil_v5\ARM\ARMCC\Bin\..\lib\armlib\c_p.l(bigflt0.o)
    0x00008044   0x00000018   Data   RO         2603    .constdata__ZTVN4mbed10SerialBaseE  mbed/TARGET_KW41Z/TOOLCHAIN_ARM_STD/mbed.ar(SerialBase.o)
    0x0000805c   0x00000018   Data   RO         2534    .constdata__ZTVN4mbed9RawSerialE  mbed/TARGET_KW41Z/TOOLCHAIN_ARM_STD/mbed.ar(RawSerial.o)
    0x00008074   0x00000014   Data   RO         1235    .constdata__ZZN12SingletonPtrI13PlatformMutexE3getEvEs  mbed/TARGET_KW41Z/TOOLCHAIN_ARM_STD/mbed_retarget.o
    0x00008088   0x00000048   Data   RO         1236    .constdata__ZZN12SingletonPtrI13PlatformMutexE3getEvEs_0  mbed/TARGET_KW41Z/TOOLCHAIN_ARM_STD/mbed_retarget.o
    0x000080d0   0x0000000c   Data   RO         1904    .constdata__ZZN4mbed8CallbackIFvvEE8generateIPS1_EEvRKT_E3ops  .\build\ppp-blinky.o
    0x000080dc   0x00000076   Data   RO          115    .conststring        mbed/TARGET_KW41Z/TOOLCHAIN_ARM_STD/fsl_clock.o
    0x00008152   0x00000002   PAD
    0x00008154   0x00000075   Data   RO          344    .conststring        mbed/TARGET_KW41Z/TOOLCHAIN_ARM_STD/fsl_dspi.o
    0x000081c9   0x00000003   PAD
    0x000081cc   0x00000075   Data   RO          442    .conststring        mbed/TARGET_KW41Z/TOOLCHAIN_ARM_STD/fsl_edma.o
    0x00008241   0x00000003   PAD
    0x00008244   0x00000076   Data   RO          663    .conststring        mbed/TARGET_KW41Z/TOOLCHAIN_ARM_STD/fsl_lptmr.o
    0x000082ba   0x00000002   PAD
    0x000082bc   0x00000077   Data   RO          696    .conststring        mbed/TARGET_KW41Z/TOOLCHAIN_ARM_STD/fsl_lpuart.o
    0x00008333   0x00000001   PAD
    0x00008334   0x00000074   Data   RO          835    .conststring        mbed/TARGET_KW41Z/TOOLCHAIN_ARM_STD/fsl_pit.o
    0x000083a8   0x00000064   Data   RO          996    .conststring        mbed/TARGET_KW41Z/TOOLCHAIN_ARM_STD/gpio_api.o
    0x0000840c   0x00000062   Data   RO         1276    .conststring        mbed/TARGET_KW41Z/TOOLCHAIN_ARM_STD/pinmap.o
    0x0000846e   0x00000002   PAD
    0x00008470   0x0000006f   Data   RO         1357    .conststring        mbed/TARGET_KW41Z/TOOLCHAIN_ARM_STD/serial_api.o
    0x000084df   0x00000001   PAD
    0x000084e0   0x00000020   Data   RO         3520    Region$$Table       anon$$obj.o
    0x00008500   0x0000001c   Data   RO         3456    locale$$data        C:\Keil_v5\ARM\ARMCC\Bin\..\lib\armlib\c_p.l(lc_numeric_c.o)
    0x0000851c   0x00000110   Data   RO         3497    locale$$data        C:\Keil_v5\ARM\ARMCC\Bin\..\lib\armlib\c_p.l(lc_ctype_c.o)
    0x0000862c   0x00000004   Data   RO         1575    .init_array         .\build\ppp-blinky.o
    0x00008630   0x00000000   Data   RO         3000    .init_array         C:\Keil_v5\ARM\ARMCC\Bin\..\lib\armlib\c_p.l(init_aeabi.o)


    Execution Region VECTOR_RAM (Base: 0x1fff8000, Size: 0x00000200, Max: 0x00000200, ABSOLUTE)

    Base Addr    Size         Type   Attr      Idx    E Section Name        Object

    0x1fff8000   0x00000200   Zero   RW            1    VECTOR_RAM.bss      anon$$obj.o


    Execution Region RW_m_data (Base: 0x1fff8200, Size: 0x00001398, Max: 0x0001f600, ABSOLUTE, COMPRESSED[0x000000d4])

    Base Addr    Size         Type   Attr      Idx    E Section Name        Object

    0x1fff8200   0x00000010   Data   RW          116    .data               mbed/TARGET_KW41Z/TOOLCHAIN_ARM_STD/fsl_clock.o
    0x1fff8210   0x00000010   Data   RW          345    .data               mbed/TARGET_KW41Z/TOOLCHAIN_ARM_STD/fsl_dspi.o
    0x1fff8220   0x00000010   Data   RW          591    .data               mbed/TARGET_KW41Z/TOOLCHAIN_ARM_STD/fsl_i2c.o
    0x1fff8230   0x00000008   Data   RW          697    .data               mbed/TARGET_KW41Z/TOOLCHAIN_ARM_STD/fsl_lpuart.o
    0x1fff8238   0x00000010   Data   RW         1173    .data               mbed/TARGET_KW41Z/TOOLCHAIN_ARM_STD/mbed_retarget.o
    0x1fff8248   0x00000010   Data   RW         1358    .data               mbed/TARGET_KW41Z/TOOLCHAIN_ARM_STD/serial_api.o
    0x1fff8258   0x00000004   Data   RW         1416    .data               mbed/TARGET_KW41Z/TOOLCHAIN_ARM_STD/system_MKW41Z4.o
    0x1fff825c   0x00000004   Data   RW         1440    .data               mbed/TARGET_KW41Z/TOOLCHAIN_ARM_STD/us_ticker.o
    0x1fff8260   0x000001ce   Data   RW         1574    .data               .\build\ppp-blinky.o
    0x1fff842e   0x00000002   PAD
    0x1fff8430   0x00000008   Data   RW         2727    .data               mbed/TARGET_KW41Z/TOOLCHAIN_ARM_STD/mbed.ar(mbed_critical.o)
    0x1fff8438   0x00000001   Data   RW         2749    .data               mbed/TARGET_KW41Z/TOOLCHAIN_ARM_STD/mbed.ar(mbed_error.o)
    0x1fff8439   0x00000001   PAD
    0x1fff843a   0x00000002   Data   RW         2769    .data               mbed/TARGET_KW41Z/TOOLCHAIN_ARM_STD/mbed.ar(mbed_sleep_manager.o)
    0x1fff843c   0x0000000c   Data   RW         2792    .data               mbed/TARGET_KW41Z/TOOLCHAIN_ARM_STD/mbed.ar(FileBase.o)
    0x1fff8448   0x00000004   Data   RW         2962    .data               C:\Keil_v5\ARM\ARMCC\Bin\..\lib\armlib\c_p.l(stdio_streams.o)
    0x1fff844c   0x00000004   Data   RW         2963    .data               C:\Keil_v5\ARM\ARMCC\Bin\..\lib\armlib\c_p.l(stdio_streams.o)
    0x1fff8450   0x00000004   Data   RW         2964    .data               C:\Keil_v5\ARM\ARMCC\Bin\..\lib\armlib\c_p.l(stdio_streams.o)
    0x1fff8454   0x00000004   Data   RW         3388    .data               C:\Keil_v5\ARM\ARMCC\Bin\..\lib\armlib\c_p.l(heapauxa.o)
    0x1fff8458   0x00000010   Zero   RW          440    .bss                mbed/TARGET_KW41Z/TOOLCHAIN_ARM_STD/fsl_edma.o
    0x1fff8468   0x00000144   Zero   RW         1169    .bss                mbed/TARGET_KW41Z/TOOLCHAIN_ARM_STD/mbed_retarget.o
    0x1fff85ac   0x00000ebc   Zero   RW         1572    .bss                .\build\ppp-blinky.o
    0x1fff9468   0x00000018   Zero   RW         2647    .bss                mbed/TARGET_KW41Z/TOOLCHAIN_ARM_STD/mbed.ar(mbed_us_ticker_api.o)
    0x1fff9480   0x00000004   Zero   RW         2814    .bss                C:\Keil_v5\ARM\ARMCC\Bin\..\lib\armlib\c_p.l(rt_errno_addr.o)
    0x1fff9484   0x00000054   Zero   RW         2959    .bss                C:\Keil_v5\ARM\ARMCC\Bin\..\lib\armlib\c_p.l(stdio_streams.o)
    0x1fff94d8   0x00000054   Zero   RW         2960    .bss                C:\Keil_v5\ARM\ARMCC\Bin\..\lib\armlib\c_p.l(stdio_streams.o)
    0x1fff952c   0x00000054   Zero   RW         2961    .bss                C:\Keil_v5\ARM\ARMCC\Bin\..\lib\armlib\c_p.l(stdio_streams.o)
    0x1fff9580   0x00000004   Zero   RW         3147    .bss                C:\Keil_v5\ARM\ARMCC\Bin\..\lib\armlib\c_p.l(rt_heap_descriptor.o)
    0x1fff9584   0x00000014   Zero   RW         3436    .bss                C:\Keil_v5\ARM\ARMCC\Bin\..\lib\armlib\c_p.l(rt_locale.o)


    Execution Region RW_IRAM1 (Base: 0x1fff9598, Size: 0x00000000, Max: 0xffffffff, ABSOLUTE)

    **** No section assigned to this execution region ****


==============================================================================

Image component sizes


      Code (inc. data)   RO Data    RW Data    ZI Data      Debug   Object Name

         0          0         96          0          0          0   mbed/TARGET_KW41Z/TOOLCHAIN_ARM_STD/PeripheralPins.o
      1140        180        186         16          0        640   mbed/TARGET_KW41Z/TOOLCHAIN_ARM_STD/fsl_clock.o
       208         56         56          0          0        136   mbed/TARGET_KW41Z/TOOLCHAIN_ARM_STD/fsl_clock_config.o
       160         76        117         16          0        136   mbed/TARGET_KW41Z/TOOLCHAIN_ARM_STD/fsl_dspi.o
       252         46        117          0         16        344   mbed/TARGET_KW41Z/TOOLCHAIN_ARM_STD/fsl_edma.o
        80         24          0         16          0        120   mbed/TARGET_KW41Z/TOOLCHAIN_ARM_STD/fsl_i2c.o
       224         76        126          0          0        140   mbed/TARGET_KW41Z/TOOLCHAIN_ARM_STD/fsl_lptmr.o
      1192        210        131          8          0        756   mbed/TARGET_KW41Z/TOOLCHAIN_ARM_STD/fsl_lpuart.o
       148         66        124          0          0         72   mbed/TARGET_KW41Z/TOOLCHAIN_ARM_STD/fsl_pit.o
       302        100        112          0          0        348   mbed/TARGET_KW41Z/TOOLCHAIN_ARM_STD/gpio_api.o
        26          0          0          0          0        435   .\build\main.o
       272         28          0          0          0        244   mbed/TARGET_KW41Z/TOOLCHAIN_ARM_STD/mbed_board.o
        24          4          0          0          0        136   mbed/TARGET_KW41Z/TOOLCHAIN_ARM_STD/mbed_overrides.o
      1024         94        115         16        324        724   mbed/TARGET_KW41Z/TOOLCHAIN_ARM_STD/mbed_retarget.o
        46          8          0          0          0        196   mbed/TARGET_KW41Z/TOOLCHAIN_ARM_STD/mbed_sdk_boot.o
       232         68        122          0          0        152   mbed/TARGET_KW41Z/TOOLCHAIN_ARM_STD/pinmap.o
      5938       1100         82        462       3772      65999   .\build\ppp-blinky.o
       788        118        119         16          0        584   mbed/TARGET_KW41Z/TOOLCHAIN_ARM_STD/serial_api.o
      6054         50          0          0          0       6979   .\build\sha1.o
       124         56        208          0          0        308   mbed/TARGET_KW41Z/TOOLCHAIN_ARM_STD/startup_MKW41Z4.o
        12          4          0          4          0         60   mbed/TARGET_KW41Z/TOOLCHAIN_ARM_STD/system_MKW41Z4.o
       368         78          0          4          0        464   mbed/TARGET_KW41Z/TOOLCHAIN_ARM_STD/us_ticker.o

    ----------------------------------------------------------------------
     18632       2442       1760        560       4624      78973   Object Totals
         0          0         32          0        512          0   (incl. Generated)
        18          0         17          2          0          0   (incl. Padding)

    ----------------------------------------------------------------------

      Code (inc. data)   RO Data    RW Data    ZI Data      Debug   Library Member Name

        60          6          0          0          0         92   C:\Keil_v5\ARM\ARMCC\Bin\..\lib\armlib\c_p.l(__2snprintf.o)
        44          4          0          0          0         84   C:\Keil_v5\ARM\ARMCC\Bin\..\lib\armlib\c_p.l(__2sprintf.o)
        86          0          0          0          0          0   C:\Keil_v5\ARM\ARMCC\Bin\..\lib\armlib\c_p.l(__dczerorl2.o)
         8          0          0          0          0         68   C:\Keil_v5\ARM\ARMCC\Bin\..\lib\armlib\c_p.l(__main.o)
       392          6         17          0          0         76   C:\Keil_v5\ARM\ARMCC\Bin\..\lib\armlib\c_p.l(__printf_flags_ss_wp.o)
        14          0          0          0          0         60   C:\Keil_v5\ARM\ARMCC\Bin\..\lib\armlib\c_p.l(__printf_wp.o)
         0          0          0          0          0          0   C:\Keil_v5\ARM\ARMCC\Bin\..\lib\armlib\c_p.l(__rtentry.o)
        20          0          0          0          0          0   C:\Keil_v5\ARM\ARMCC\Bin\..\lib\armlib\c_p.l(__rtentry2.o)
         6          0          0          0          0          0   C:\Keil_v5\ARM\ARMCC\Bin\..\lib\armlib\c_p.l(__rtentry4.o)
        60          8          0          0          0          0   C:\Keil_v5\ARM\ARMCC\Bin\..\lib\armlib\c_p.l(__scatter.o)
        28          0          0          0          0          0   C:\Keil_v5\ARM\ARMCC\Bin\..\lib\armlib\c_p.l(__scatter_zi.o)
        10          0          0          0          0          0   C:\Keil_v5\ARM\ARMCC\Bin\..\lib\armlib\c_p.l(_printf_a.o)
        10          0          0          0          0          0   C:\Keil_v5\ARM\ARMCC\Bin\..\lib\armlib\c_p.l(_printf_c.o)
        46          0          0          0          0        100   C:\Keil_v5\ARM\ARMCC\Bin\..\lib\armlib\c_p.l(_printf_char.o)
        48          6          0          0          0         88   C:\Keil_v5\ARM\ARMCC\Bin\..\lib\armlib\c_p.l(_printf_char_common.o)
        38          0          0          0          0         60   C:\Keil_v5\ARM\ARMCC\Bin\..\lib\armlib\c_p.l(_printf_charcount.o)
        10          0          0          0          0          0   C:\Keil_v5\ARM\ARMCC\Bin\..\lib\armlib\c_p.l(_printf_d.o)
       108         18          0          0          0         76   C:\Keil_v5\ARM\ARMCC\Bin\..\lib\armlib\c_p.l(_printf_dec.o)
        10          0          0          0          0          0   C:\Keil_v5\ARM\ARMCC\Bin\..\lib\armlib\c_p.l(_printf_e.o)
        10          0          0          0          0          0   C:\Keil_v5\ARM\ARMCC\Bin\..\lib\armlib\c_p.l(_printf_f.o)
      1044         14          0          0          0        176   C:\Keil_v5\ARM\ARMCC\Bin\..\lib\armlib\c_p.l(_printf_fp_dec.o)
       728         10         38          0          0         84   C:\Keil_v5\ARM\ARMCC\Bin\..\lib\armlib\c_p.l(_printf_fp_hex.o)
       136         16          0          0          0         76   C:\Keil_v5\ARM\ARMCC\Bin\..\lib\armlib\c_p.l(_printf_fp_infnan.o)
        10          0          0          0          0          0   C:\Keil_v5\ARM\ARMCC\Bin\..\lib\armlib\c_p.l(_printf_g.o)
       152          4         40          0          0        148   C:\Keil_v5\ARM\ARMCC\Bin\..\lib\armlib\c_p.l(_printf_hex_int_ll_ptr.o)
        10          0          0          0          0          0   C:\Keil_v5\ARM\ARMCC\Bin\..\lib\armlib\c_p.l(_printf_i.o)
       176          0          0          0          0         84   C:\Keil_v5\ARM\ARMCC\Bin\..\lib\armlib\c_p.l(_printf_intcommon.o)
        10          0          0          0          0          0   C:\Keil_v5\ARM\ARMCC\Bin\..\lib\armlib\c_p.l(_printf_l.o)
        10          0          0          0          0          0   C:\Keil_v5\ARM\ARMCC\Bin\..\lib\armlib\c_p.l(_printf_lc.o)
        10          0          0          0          0          0   C:\Keil_v5\ARM\ARMCC\Bin\..\lib\armlib\c_p.l(_printf_ll.o)
        10          0          0          0          0          0   C:\Keil_v5\ARM\ARMCC\Bin\..\lib\armlib\c_p.l(_printf_lld.o)
        10          0          0          0          0          0   C:\Keil_v5\ARM\ARMCC\Bin\..\lib\armlib\c_p.l(_printf_lli.o)
        10          0          0          0          0          0   C:\Keil_v5\ARM\ARMCC\Bin\..\lib\armlib\c_p.l(_printf_llo.o)
        10          0          0          0          0          0   C:\Keil_v5\ARM\ARMCC\Bin\..\lib\armlib\c_p.l(_printf_llu.o)
        10          0          0          0          0          0   C:\Keil_v5\ARM\ARMCC\Bin\..\lib\armlib\c_p.l(_printf_llx.o)
       112         18          0          0          0         76   C:\Keil_v5\ARM\ARMCC\Bin\..\lib\armlib\c_p.l(_printf_longlong_dec.o)
        10          0          0          0          0          0   C:\Keil_v5\ARM\ARMCC\Bin\..\lib\armlib\c_p.l(_printf_ls.o)
        10          0          0          0          0          0   C:\Keil_v5\ARM\ARMCC\Bin\..\lib\armlib\c_p.l(_printf_n.o)
        10          0          0          0          0          0   C:\Keil_v5\ARM\ARMCC\Bin\..\lib\armlib\c_p.l(_printf_o.o)
       112         10          0          0          0        112   C:\Keil_v5\ARM\ARMCC\Bin\..\lib\armlib\c_p.l(_printf_oct_int_ll.o)
        10          0          0          0          0          0   C:\Keil_v5\ARM\ARMCC\Bin\..\lib\armlib\c_p.l(_printf_p.o)
        78          0          0          0          0        100   C:\Keil_v5\ARM\ARMCC\Bin\..\lib\armlib\c_p.l(_printf_pad.o)
         2          0          0          0          0          0   C:\Keil_v5\ARM\ARMCC\Bin\..\lib\armlib\c_p.l(_printf_percent.o)
         4          0          0          0          0          0   C:\Keil_v5\ARM\ARMCC\Bin\..\lib\armlib\c_p.l(_printf_percent_end.o)
        10          0          0          0          0          0   C:\Keil_v5\ARM\ARMCC\Bin\..\lib\armlib\c_p.l(_printf_s.o)
        82          0          0          0          0         72   C:\Keil_v5\ARM\ARMCC\Bin\..\lib\armlib\c_p.l(_printf_str.o)
        36          0          0          0          0         76   C:\Keil_v5\ARM\ARMCC\Bin\..\lib\armlib\c_p.l(_printf_truncate.o)
        10          0          0          0          0          0   C:\Keil_v5\ARM\ARMCC\Bin\..\lib\armlib\c_p.l(_printf_u.o)
        46          0          0          0          0        100   C:\Keil_v5\ARM\ARMCC\Bin\..\lib\armlib\c_p.l(_printf_wchar.o)
       188          6          8          0          0         80   C:\Keil_v5\ARM\ARMCC\Bin\..\lib\armlib\c_p.l(_printf_wctomb.o)
        10          0          0          0          0          0   C:\Keil_v5\ARM\ARMCC\Bin\..\lib\armlib\c_p.l(_printf_x.o)
        16          0          0          0          0         60   C:\Keil_v5\ARM\ARMCC\Bin\..\lib\armlib\c_p.l(_snputc.o)
        10          0          0          0          0         60   C:\Keil_v5\ARM\ARMCC\Bin\..\lib\armlib\c_p.l(_sputc.o)
        64          0          0          0          0         72   C:\Keil_v5\ARM\ARMCC\Bin\..\lib\armlib\c_p.l(_wcrtomb.o)
        20          0          0          0          0         68   C:\Keil_v5\ARM\ARMCC\Bin\..\lib\armlib\c_p.l(abort.o)
       488          0          0          0          0         92   C:\Keil_v5\ARM\ARMCC\Bin\..\lib\armlib\c_p.l(aeabi_sdivfast.o)
       124         42          0          0          0         68   C:\Keil_v5\ARM\ARMCC\Bin\..\lib\armlib\c_p.l(assert.o)
        20          0          0          0          0         68   C:\Keil_v5\ARM\ARMCC\Bin\..\lib\armlib\c_p.l(assert_puts.o)
       200          4        148          0          0         80   C:\Keil_v5\ARM\ARMCC\Bin\..\lib\armlib\c_p.l(bigflt0.o)
      1240         12          0          0          0        316   C:\Keil_v5\ARM\ARMCC\Bin\..\lib\armlib\c_p.l(btod.o)
        48         34          0          0          0         68   C:\Keil_v5\ARM\ARMCC\Bin\..\lib\armlib\c_p.l(defsig_abrt_inner.o)
        12          0          0          0          0         68   C:\Keil_v5\ARM\ARMCC\Bin\..\lib\armlib\c_p.l(defsig_abrt_outer.o)
        12          0          0          0          0         68   C:\Keil_v5\ARM\ARMCC\Bin\..\lib\armlib\c_p.l(defsig_exit.o)
        52          0          0          0          0         72   C:\Keil_v5\ARM\ARMCC\Bin\..\lib\armlib\c_p.l(defsig_general.o)
        80         58          0          0          0         68   C:\Keil_v5\ARM\ARMCC\Bin\..\lib\armlib\c_p.l(defsig_rtmem_inner.o)
        12          0          0          0          0         68   C:\Keil_v5\ARM\ARMCC\Bin\..\lib\armlib\c_p.l(defsig_rtmem_outer.o)
        52         38          0          0          0         68   C:\Keil_v5\ARM\ARMCC\Bin\..\lib\armlib\c_p.l(defsig_rtred_inner.o)
        12          0          0          0          0         68   C:\Keil_v5\ARM\ARMCC\Bin\..\lib\armlib\c_p.l(defsig_rtred_outer.o)
        76          4          0          0          0         76   C:\Keil_v5\ARM\ARMCC\Bin\..\lib\armlib\c_p.l(fclose.o)
       104          4          0          0          0        100   C:\Keil_v5\ARM\ARMCC\Bin\..\lib\armlib\c_p.l(fflush.o)
       232          8          0          0          0        108   C:\Keil_v5\ARM\ARMCC\Bin\..\lib\armlib\c_p.l(fopen.o)
       244          4          0          0          0         76   C:\Keil_v5\ARM\ARMCC\Bin\..\lib\armlib\c_p.l(fseek.o)
        66          0          0          0          0         68   C:\Keil_v5\ARM\ARMCC\Bin\..\lib\armlib\c_p.l(ftell.o)
        98          0          0          0          0         72   C:\Keil_v5\ARM\ARMCC\Bin\..\lib\armlib\c_p.l(h1_alloc.o)
        52          0          0          0          0         68   C:\Keil_v5\ARM\ARMCC\Bin\..\lib\armlib\c_p.l(h1_extend.o)
        76          0          0          0          0         72   C:\Keil_v5\ARM\ARMCC\Bin\..\lib\armlib\c_p.l(h1_free.o)
        14          0          0          0          0         76   C:\Keil_v5\ARM\ARMCC\Bin\..\lib\armlib\c_p.l(h1_init.o)
        80          4          0          4          0         88   C:\Keil_v5\ARM\ARMCC\Bin\..\lib\armlib\c_p.l(heapauxa.o)
         4          0          0          0          0        120   C:\Keil_v5\ARM\ARMCC\Bin\..\lib\armlib\c_p.l(hguard.o)
         0          0          0          0          0          0   C:\Keil_v5\ARM\ARMCC\Bin\..\lib\armlib\c_p.l(indicate_semi.o)
        36         10          0          0          0         72   C:\Keil_v5\ARM\ARMCC\Bin\..\lib\armlib\c_p.l(init_aeabi.o)
       136          0          0          0          0        160   C:\Keil_v5\ARM\ARMCC\Bin\..\lib\armlib\c_p.l(init_alloc.o)
       316         44          0          0          0         96   C:\Keil_v5\ARM\ARMCC\Bin\..\lib\armlib\c_p.l(initio.o)
        44         10        272          0          0         76   C:\Keil_v5\ARM\ARMCC\Bin\..\lib\armlib\c_p.l(lc_ctype_c.o)
        44         10         28          0          0         76   C:\Keil_v5\ARM\ARMCC\Bin\..\lib\armlib\c_p.l(lc_numeric_c.o)
         2          0          0          0          0          0   C:\Keil_v5\ARM\ARMCC\Bin\..\lib\armlib\c_p.l(libinit.o)
        46          0          0          0          0          0   C:\Keil_v5\ARM\ARMCC\Bin\..\lib\armlib\c_p.l(libinit2.o)
         0          0          0          0          0          0   C:\Keil_v5\ARM\ARMCC\Bin\..\lib\armlib\c_p.l(libshutdown2.o)
       122          0          0          0          0         72   C:\Keil_v5\ARM\ARMCC\Bin\..\lib\armlib\c_p.l(lludiv10.o)
         0          0          0          0          0          0   C:\Keil_v5\ARM\ARMCC\Bin\..\lib\armlib\c_p.l(maybetermalloc1.o)
        16          4          0          0          0         76   C:\Keil_v5\ARM\ARMCC\Bin\..\lib\armlib\c_p.l(rt_ctype_table.o)
         8          4          0          0          4         68   C:\Keil_v5\ARM\ARMCC\Bin\..\lib\armlib\c_p.l(rt_errno_addr.o)
         8          4          0          0          4         68   C:\Keil_v5\ARM\ARMCC\Bin\..\lib\armlib\c_p.l(rt_heap_descriptor.o)
         8          4          0          0         20         68   C:\Keil_v5\ARM\ARMCC\Bin\..\lib\armlib\c_p.l(rt_locale.o)
        64          0          0          0          0        108   C:\Keil_v5\ARM\ARMCC\Bin\..\lib\armlib\c_p.l(rt_memclr.o)
       186          0          0          0          0        144   C:\Keil_v5\ARM\ARMCC\Bin\..\lib\armlib\c_p.l(rt_memcpy.o)
        40          0          0          0          0         60   C:\Keil_v5\ARM\ARMCC\Bin\..\lib\armlib\c_p.l(rtudiv10.o)
        76          4          0          0          0         72   C:\Keil_v5\ARM\ARMCC\Bin\..\lib\armlib\c_p.l(setvbuf.o)
       240          8          0          0          0        144   C:\Keil_v5\ARM\ARMCC\Bin\..\lib\armlib\c_p.l(stdio.o)
         0          0          0         12        252          0   C:\Keil_v5\ARM\ARMCC\Bin\..\lib\armlib\c_p.l(stdio_streams.o)
        20          0          0          0          0         60   C:\Keil_v5\ARM\ARMCC\Bin\..\lib\armlib\c_p.l(strchr.o)
       160          4          0          0          0         80   C:\Keil_v5\ARM\ARMCC\Bin\..\lib\armlib\c_p.l(strcmpv6m.o)
        76          6          0          0          0         72   C:\Keil_v5\ARM\ARMCC\Bin\..\lib\armlib\c_p.l(strcpy.o)
        68          6          0          0          0         72   C:\Keil_v5\ARM\ARMCC\Bin\..\lib\armlib\c_p.l(strlen.o)
       160          6          0          0          0         76   C:\Keil_v5\ARM\ARMCC\Bin\..\lib\armlib\c_p.l(strncmp.o)
       108          4          0          0          0         76   C:\Keil_v5\ARM\ARMCC\Bin\..\lib\armlib\c_p.l(strncpy.o)
        40          0          0          0          0         72   C:\Keil_v5\ARM\ARMCC\Bin\..\lib\armlib\c_p.l(strstr.o)
        12          4          0          0          0         60   C:\Keil_v5\ARM\ARMCC\Bin\..\lib\armlib\c_p.l(sys_exit.o)
        12          0          0          0          0         68   C:\Keil_v5\ARM\ARMCC\Bin\..\lib\armlib\c_p.l(sys_wrch.o)
         2          0          0          0          0         68   C:\Keil_v5\ARM\ARMCC\Bin\..\lib\armlib\c_p.l(use_no_semi.o)
        56          6          0          0          0         72   C:\Keil_v5\ARM\ARMCC\Bin\..\lib\armlib\c_p.l(vsnprintf.o)
        34          0          0          0          0         80   C:\Keil_v5\ARM\ARMCC\Bin\..\lib\cpplib\cpprt_p.l(aeabi_vec_ctor_nocookie_nodtor.o)
        34          0          0          0          0         76   C:\Keil_v5\ARM\ARMCC\Bin\..\lib\cpplib\cpprt_p.l(aeabi_vec_dtor_noexceptions.o)
        16          4          0          0          0         76   C:\Keil_v5\ARM\ARMCC\Bin\..\lib\armlib\fz_ps.l(printf1.o)
        16          4          0          0          0         76   C:\Keil_v5\ARM\ARMCC\Bin\..\lib\armlib\fz_ps.l(printf2.o)
         0          0          0          0          0          0   C:\Keil_v5\ARM\ARMCC\Bin\..\lib\armlib\fz_ps.l(usenofp.o)
        44          4          0          0          0         60   C:\Keil_v5\ARM\ARMCC\Bin\..\lib\armlib\m_ps.l(fpclassify.o)
       160         24          0         12          0        200   mbed/TARGET_KW41Z/TOOLCHAIN_ARM_STD/mbed.ar(FileBase.o)
       170          0          0          0          0        392   mbed/TARGET_KW41Z/TOOLCHAIN_ARM_STD/mbed.ar(FilePath.o)
       162          4         24          0          0        472   mbed/TARGET_KW41Z/TOOLCHAIN_ARM_STD/mbed.ar(RawSerial.o)
       736         24         24          0          0        828   mbed/TARGET_KW41Z/TOOLCHAIN_ARM_STD/mbed.ar(SerialBase.o)
        84         54          0          0          0         72   mbed/TARGET_KW41Z/TOOLCHAIN_ARM_STD/mbed.ar(mbed_assert.o)
       400        218          0          8          0        284   mbed/TARGET_KW41Z/TOOLCHAIN_ARM_STD/mbed.ar(mbed_critical.o)
        44          6          0          1          0         84   mbed/TARGET_KW41Z/TOOLCHAIN_ARM_STD/mbed.ar(mbed_error.o)
        78          0          0          0          0        148   mbed/TARGET_KW41Z/TOOLCHAIN_ARM_STD/mbed.ar(mbed_gpio.o)
       228         76          0          0          0        204   mbed/TARGET_KW41Z/TOOLCHAIN_ARM_STD/mbed.ar(mbed_pinmap_common.o)
       180        102          0          2          0        136   mbed/TARGET_KW41Z/TOOLCHAIN_ARM_STD/mbed.ar(mbed_sleep_manager.o)
       304          0          0          0          0        288   mbed/TARGET_KW41Z/TOOLCHAIN_ARM_STD/mbed.ar(mbed_ticker_api.o)
        24         10         32          0         24        128   mbed/TARGET_KW41Z/TOOLCHAIN_ARM_STD/mbed.ar(mbed_us_ticker_api.o)
        66          0          0          0          0        144   mbed/TARGET_KW41Z/TOOLCHAIN_ARM_STD/mbed.ar(mbed_wait_api_no_rtos.o)

    ----------------------------------------------------------------------
     12492       1006        636         40        304      10128   Library Totals
        24          0          5          1          0          0   (incl. Padding)

    ----------------------------------------------------------------------

      Code (inc. data)   RO Data    RW Data    ZI Data      Debug   Library Name

      9688        476        551         16        280       6380   C:\Keil_v5\ARM\ARMCC\Bin\..\lib\armlib\c_p.l
        68          0          0          0          0        156   C:\Keil_v5\ARM\ARMCC\Bin\..\lib\cpplib\cpprt_p.l
        32          8          0          0          0        152   C:\Keil_v5\ARM\ARMCC\Bin\..\lib\armlib\fz_ps.l
        44          4          0          0          0         60   C:\Keil_v5\ARM\ARMCC\Bin\..\lib\armlib\m_ps.l
      2636        518         80         23         24       3380   mbed/TARGET_KW41Z/TOOLCHAIN_ARM_STD/mbed.ar

    ----------------------------------------------------------------------
     12492       1006        636         40        304      10128   Library Totals

    ----------------------------------------------------------------------

==============================================================================


      Code (inc. data)   RO Data    RW Data    ZI Data      Debug   

     31124       3448       2396        600       4928      77537   Grand Totals
     31124       3448       2396        212       4928      77537   ELF Image Totals (compressed)
     31124       3448       2396        212          0          0   ROM Totals

==============================================================================

    Total RO  Size (Code + RO Data)                33520 (  32.73kB)
    Total RW  Size (RW Data + ZI Data)              5528 (   5.40kB)
    Total ROM Size (Code + RO Data + RW Data)      33732 (  32.94kB)

==============================================================================

